map.define("earth1.map")

-------------------------------------------------------------------------------
-- Terrain
-------------------------------------------------------------------------------
map.symbol{ symbol='=' feat=FEAT_GRASS info=3 }
map.symbol{ symbol='^' feat=FEAT_MOUNTAIN info=3 }
map.symbol{ symbol='#' feat=FEAT_BUILDING info=6 }
map.symbol{ symbol='T' feat=FEAT_TREES info=3 }
map.symbol{ symbol='M' feat=FEAT_MUSHROOM info=3 }
map.symbol{ symbol='W' feat=FEAT_DEEP_WATER info=3 }
map.symbol{ symbol='V' feat=FEAT_SHAL_WATER info=3 }
map.symbol{ symbol=',' feat=FEAT_DIRT info=3 }
map.symbol{ symbol='.' feat=FEAT_ASPHALT info=6 }
map.symbol{ symbol='O' feat=FEAT_SIDEWALK info=6 }
map.symbol{ symbol='|' feat=FEAT_ROADSTRIPE_VERT info=3 }
map.symbol{ symbol='-' feat=FEAT_ROADSTRIPE_HORZ info=3 }

-------------------------------------------------------------------------------
-- Dungeons
-------------------------------------------------------------------------------
map.symbol{ symbol='a' feat=FEAT_MORE info=3 dungeon=DUNGEON_URANAI }

map.map
{
[[=============================================================TTTTTTTTTTTTTTTTTTTTTTTTTTTTTTTTTT=======================...==================TTTTTTTTTTTTTTTTTTTTTTTTTTTTTTTTTTTTTTTTTTTTTTTTTTTTTTTTTTT]],
[[=================================================================TTTTTTTTTTTTTTTTTTTTTTTTT============================.|.=====================================TTTTTTTTTTTTTTTTTTTTTTTTTTTTTTTTTTTTTTTT]],
[[======================================================================TTTTTTTTTTTTTTT=================================...===========================================TTTTTTTTTTTTTTTTTTTTTTTTTTTTTTTTTT]],
[[===========================================================================TTTTTT=====================================.|.=========================================================TTTTTTTTTTTTTTTTTTTT]],
[[=============================================================================TTTTTTTTTTTTTTTTT========================...=============================================================================]],
[[=================================================================================TTTTTTTTTTTTTTT======================.|.=============================================================================]],
[[=====================================================================================TTTTTT===========================...=============================================================================]],
[[======================================================================================================================.|.=============================================================================]],
[[======================================================================================================================...=============================================================================]],
[[=============WW=======================================================================================================.|.=============================================================================]],
[[==========WWWWWWWWWW==================================================================================================...=============================================================================]],
[[=========WWWWWWWWWWWWWWWWWWWWWWWWWW===================================================================================.|.=============================================================================]],
[[========WWWWWWWWWWWWWWWWWWWWWWWWWWWWWWWWWWWWWWWW======================================================================...=======================================WWWWWWW===============================]],
[[======WWWWWWWWWWWWWWWWWWWWWWWWWWWWWWWWWWWWWWWWWWW=====================================================================.|.==================================WWWWWWWWWWWWWWWW===========================]],
[[=======WWWWWWWWWWWWWWWWWWWWWWWWWWWWWWWWWWWWWWWWWWWWWWWWWW=============================================================...=============================WWWWWWWWWWWWWWWWWWWWWWWWWW======================]],
[[=======WWWWWWWWWWWWWWWWWWWWWWWWWWWWWWWWWWWWWWWWWWWWWWWWWWWW===========================================================.|.=====================WWWWWWWWWWWWWWWWWWWWWWWWWWWWWWWWWWW=====================]],
[[=========WWWWWWWWWWWWWWWWWWWWWWWWWWWWWWWWWWWWWWWWWWWWWWWWWWWWWWW======================================================...=================WWWWWWWWWWWWWWWWWWWWWWWWWWWWWWWWWWWWWWWWW===================]],
[[===========WWWWWWWWWWWWWWWWWWWWWWWWWWWWWWWWWWWWWWWWWWWWWWWWWWWW=======================================================.|.============WWWWWWWWWWWWWWWWWWWWWWWWWWWWWWWWWWWWWWWWWWWWWWWWWWW==============]],
[[===============WWWWWWWWWWWWWWWWWWWWWWWWWWWWWWWWWWWWWWWWWWWWWWW========================================================...===============WWWWWWWWWWWWWWWWWWWWWWWWWWWWWWWWWWWWWWWWWWWWWW================]],
[[================WWWWWWWWWWWWWWWWWWWWWWWWWWWWWWWWWWWWWWWWWWWW==========================================================.|.=================WWWWWWWWWWWWWWWWWWWWWWWWWWWWWWWWWWWWWWW=====================]],
[[==============WWWWWWWWWWWWWWWWWWWWWWWWWWWWWWWWWWWWWWWWWW==============================================================...======================WWWWWWWWWWWWWWWWWWWWWWWWWWWWW==========================]],
[[==========WWWWWWWWWWWWWWWWWWWWWWWWWWWWWWWWWWWWWWWWWW==================================================================.|.===============================WWWWWWWWWWWWWWWWWWWWW=========================]],
[[========WWWWWWWWWWWWWWWWWWWWWWWWWWWWWWWWWWWWWWWWW=====================================================================...====================================WWWWWWWWWWWWWWWWWWWWW====================]],
[[====WWWWWWWWWWWWWWWWWWWWWWWWWWWWWWWWWWWWWWWWWW========================================================================.|.====================================WWWWWWW======WWWWWWWWWWWWW===============]],
[[WWWWWWWWWWWWWWWWWWWWWWWWWWWWWWWWWWWWWWWW===================WWWWWWWWWWWWWW=============================================...=================================WWWWWWWW==============WWWWW==============M==]],
[[WWWWWWWWWWWWWWWWWWWWWWWWWWWWWWWWWWWWWW=============WWWWWWWWWWWWWWWWWWWWWWWWWWWWW======================================.|.==============================WWWWWWWWW======================================]],
[[WWWWWWWWWWWWWWWWWWWWWWWWWWWWWWWWWWWWWW====WWWWWWWWWWWWWWWWWWWWWWWWWWWWWWWWWWWWWWWWWW==================================...===========================WWWWWWWW==========================================]],
[[WWWWWWWWWWWWWWWWWWWWWWWWWWWWWWWWWWWWWWWOWWWWWWWWWWWWWWWWWWWWWWWWWWWWWWWWWWWWWWWWWWWWWWW===============================.|.==========================WWWWWW=============================================]],
[[WWWWWWWWWWWWWWWWWWWWWWWWWWWWWWWWWWWWWWWOWWWWWWWWWWWWWWWWWWWWWWWWWWWWWWWWWWWWWWWWWWWWWWWWW=============================...========================WWWWWWW===================================M==========]],
[[WWWWWWWWWWWWWWWWWWWWWWWWWWWWWWWWWWWWWWWOWWWWWWWWWWWWWWWWWWWWWWWWWWWWWWWWWWWWWWWWWWWWWWWWWW============================.|.======================##########=============================================]],
[[WWWWWWWWWWWWWWWWWWWWWWWWWWWWWWWWWWOOOOOOOOOOOWWWWWWWWWWWWWWWWWWWWWWWWWWWWWWWWWWWWWWWWWWWWW============================...====================#############============================================]],
[[WWWWWWWWWWWWWWWWWWWWWWWWWWWWWWWWWWO===#=#===OWWWWWWWWWWWWWWWWWWWWWWWWWWWWWWWWWWWWWWWWWWWWWWW==========================.|..............................................................................]],
[[WWWWWWWWWWWWWWWWWWWWWWWWWWWWWWWWWWO=========OWWWWWWWWWWWWWWWWWWWWWWWWWWWWWWWWWWWWWWWWWWWWWWWWWWWWW====================..-.-.-.-.-.-.-.-.-.-.-.-.-.-.-.-.-.-.-.-.-.-.-.-.-.-.-.-.-.-.-.-.-.-.-.-.-.-.-.]],
[[WWWWWWWWWWWWWWWWWWWWWWWWWWWWWWWWWWO===#=#===OWWWWWWWWWWWWWWWWWWWWWWWWWWWWWWWWWWWWWWWWWWWWWWWWWWWWWWWWWWWWWWWW==========...............................................................................]],
[[WWWWWWWWWWWWWWWWWWWWWWWWWWWWWWWWWWO=========OWWWWWWWWWWWWWWWWWWWWWWWWWWWWWWWWWWWWWWWWWWWWWWWWWWWWWWWWWWWWWWWWWWWW============================#############============================================]],
[[WWWWWWWWWWWWWWWWWWWWWWWWWWWWWWWWWWO===#=#===OWWWWWWWWWWWWWWWWWWWWWWWWWWWWWWWWWWWWWWWWWWWWWWWWWWWWWWWWWWWWWWWWWWWWWWWWW========================###########=============================================]],
[[WWWWWWWWWWWWWWWWWWWWWWWWWWWWWWWWWWO==##a##==OWWWWWWWWWWWWWWWWWWWWWWWWWWWWWWWWWWWWWWWWWWWWWWWWWWWWWWWWWWWWWWWWWWWWWWWWWWWWWW=====================WWWWWWW===============================================]],
[[WWWWWWWWWWWWWWWWWWWWWWWWWWWWWWWWWWO===###===OWWWWWWWWWWWWWWWWWWWWWWWWWWWWWWWWWWWWWWWWWWWWWWWWWWWWWWWWWWWWWWWWWWWWWWWWWWWWWWWWWW==================WWWWWW===============================================]],
[[WWWWWWWWWWWWWWWWWWWWWWWWWWWWWWWWWWOOOOOOOOOOOWWWWWWWWWWWWWWWWWWWWWWWWWWWWWWWWWWWWWWWWWWWWWWWWWWWWWWWWWWWWWWWWWWWWWWWWWWWWWWWWWWWWWWWWW=============WWWWW==============================================]],
[[WWWWWWWWWWWWWWWWWWWWWWWWWWWWWWWWWWWWWWWWWWWWWWWWWWWWWWWWWWWWWWWWWWWWWWWWWWWWWWWWWWWWWWWWWWWWWWWWWWWWWWWWWWWWWWWWWWWWWWWWWWWWWWWWWWWWWWWWWWW=======WWWWWW====================M=========================]],
[[WWWWWWWWWWWWWWWWWWWWWWWWWWWWWWWWWWWWWWWWWWWWWWWWWWWWWWWWWWWWWWWWWWWWWWWWWWWWWWWWWWWWWWWWWWWWWWWWWWWWWWWWWWWWWWWWWWWWWWWWWWWWWWWWWWWWWWWWWWWWWWW=WWWWWWWWWW============================================]],
[[WWWWWWWWWWWWWWWWWWWWWWWWWWWWWWWWWWWWWWWWWWWWWWWWWWWWWWWWWWWWWWWWWWWWWWWWWWWWWWWWWWWWWWWWWWWWWWWWWWWWWWWWWWWWWWWWWWWWWWWWWWWWWWWWWWWWWWWWWWWWWWWWWWWWWWWWWWW===================================M=======]],
[[WWWWWWWWWWWWWWWWWWWWWWWWWWWWWWWWWWWWWWWWWWWWWWWWWWWWWWWWWWWWWWWWWWWWWWWWWWWWWWWWWWWWWWWWWWWWWWWWWWWWWWWWWWWWWWWWWWWWWWWWWWWWWWWWWWWWWWWWWWWWWWWWWWWWWWWWWWWW==========================================]],
[[WWWWWWWWWWWWWWWWWWWWWWWWWWWWWWWWWWWWWWWWWWWWWWWWWWWWWWWWWWWWWWWWWWWWWWWWWWWWWWWWWWWWWWWWWWWWWWWWWWWWWWWWWWWWWWWWWWWWWWWWWWWWWWWWWWWWWWWWWWWWWWWWWWWWWWWWWWWWW=========================================]],
[[WWWWWWWWWWWWWWWWWWWWWWWWWWWWWWWWWWWWWWWWWWWWWWWWWWWWWWWWWWWWWWWWWWWWWWWWWWWWWWWWWWWWWWWWWWWWWWWWWWWWWWWWWWWWWWWWWWWWWWWWWWWWWWWWWWWWWWWWWWWWWWWWWWWWWWWWWWWWWWW=======================================]],
[[WWWWWWWWWWWWWWWWWWWWWWWWWWWWWWWWWWWWWWWWWWWWWWWWWWWWWWWWWWWWWWWWWWWWWWWWWWWWWWWWWWWWWWWWWWWWWWWWWWWWWWWWWWWWWWWWWWWWWWWWWWWWWWWWWWWWWWWWWWWWWWWWWWWWWWWWWWWWWWWW======================================]],
[[WWWWWWWWWWWWWWWWWWWWWWWWWWWWWWWWWWWWWWWWWWWWWWWWWWWWWWWWWWWWWWWWWWWWWWWWWWWWWWWWWWWWWWWWWWWWWWWWWWWWWWWWWWWWWWWWWWWWWWWWWWWWWWWWWWWWWWWWWWWWWWWWWWWWWWWWWWWWWWWW======================================]],
[[WWWWWWWWWWWWWWWWWWWWWWWWWWWWWWWWWWWWWWWWWWWWWWWWWWWWWWWWWWWWWWWWWWWWWWWWWWWWWWWWWWWWWWWWWWWWWWWWWWWWWWWWWWWWWWWWWWWWWWWWWWWWWWWWWWWWWWWWWWWWWWWWWWWWWWWWWWWWWWWWW=====================================]],
[[WWWWWWWWWWWWWWWWWWWWWWWWWWWWWWWWWWWWWWWWWWWWWWWWWWWWWWWWWWWWWWWWWWWWWWWWWWWWWWWWWWWWWWWWWWWWWWWWWWWWWWWWWWWWWWWWWWWWWWWWWWWWWWWWWWWWWWWWWWWWWWWWWWWWWWWWWWWWWWWWWW====================================]],
[[WWWWWWWWWWWWWWWWWWWWWWWWWWWWWWWWWWWWWWWWWWWWWWWWWWWWWWWWWWWWWWWWWWWWWWWWWWWWWWWWWWWWWWWWWWWWWWWWWWWWWWWWWWWWWWWWWWWWWWWWWWWWWWWWWWWWWWWWWWWWWWWWWWWWWWWWWWWWWWWWWWWWWW================================]],
[[WWWWWWWWWWWWWWWWWWWWWWWWWWWWWWWWWWWWWWWWWWWWWWWWWWWWWWWWWWWWWWWWWWWWWWWWWWWWWWWWWWWWWWWWWWWWWWWWWWWWWWWWWWWWWWWWWWWWWWWWWWWWWWWWWWWWWWWWWWWWWWWWWWWWWWWWWWWWWWWWWWWWWWWWWWWWWWW=======================]],
[[WWWWWWWWWWWWWWWWWWWWWWWWWWWWWWWWWWWWWWWWWWWWWWWWWWWWWWWWWWWWWWWWWWWWWWWWWWWWWWWWWWWWWWWWWWWWWWWWWWWWWWWWWWWWWWWWWWWWWWWWWWWWWWWWWWWWWWWWWWWWWWWWWWWWWWWWWWWWWWWWWWWWWWWWWWWWWWWWWWWWWWWWWWWWWWWWWWWWWW]],
[[WWWWWWWWWWWWWWWWWWWWWWWWWWWWWWWWWWWWWWWWWWWWWWWWWWWWWWWWWWWWWWWWWWWWWWWWWWWWWWWWWWWWWWWWWWWWWWWWWWWWWWWWWWWWWWWWWWWWWWWWWWWWWWWWWWWWWWWWWWWWWWWWWWWWWWWWWWWWWWWWWWWWWWWWWWWWWWWWWWWWWWWWWWWWWWWWWWWWWW]],
[[WWWWWWWWWWWWWWWWWWWWWWWWWWWWWWWWWWWWWWWWWWWWWWWWWWWWWWWWWWWWWWWWWWWWWWWWWWWWWWWWWWWWWWWWWWWWWWWWWWWWWWWWWWWWWWWWWWWWWWWWWWWWWWWWWWWWWWWWWWWWWWWWWWWWWWWWWWWWWWWWWWWWWWWWWWWWWWWWWWWWWWWWWWWWWWWWWWWWWW]],
[[WWWWWWWWWWWWWWWWWWWWWWWWWWWWWWWWWWWWWWWWWWWWWWWWWWWWWWWWWWWWWWWWWWWWWWWWWWWWWWWWWWWWWWWWWWWWWWWWWWWWWWWWWWWWWWWWWWWWWWWWWWWWWWWWWWWWWWWWWWWWWWWWWWWWWWWWWWWWWWWWWWWWWWWWWWWWWWWWWWWWWWWWWWWWWWWWWWWWWW]],
[[WWWWWWWWWWWWWWWWWWWWWWWWWWWWWWWWWWWWWWWWWWWWWWWWWWWWWWWWWWWWWWWWWWWWWWWWWWWWWWWWWWWWWWWWWWWWWWWWWWWWWWWWWWWWWWWWWWWWWWWWWWWWWWWWWWWWWWWWWWWWWWWWWWWWWWWWWWWWWWWWWWWWWWWWWWWWWWWWWWWWWWWWWWWWWWWWWWWWWW]],
[[WWWWWWWWWWWWWWWWWWWWWWWWWWWWWWWWWWWWWWWWWWWWWWWWWWWWWWWWWWWWWWWWWWWWWWWWWWWWWWWWWWWWWWWWWWWWWWWWWWWWWWWWWWWWWWWWWWWWWWWWWWWWWWWWWWWWWWWWWWWWWWWWWWWWWWWWWWWWWWWWWWWWWWWWWWWWWWWWWWWWWWWWWWWWWWWWWWWWWW]],
[[WWWWWWWWWWWWWWWWWWWWWWWWWWWWWWWWWWWWWWWWWWWWWWWWWWWWWWWWWWWWWWWWWWWWWWWWWWWWWWWWWWWWWWWWWWWWWWWWWWWWWWWWWWWWWWWWWWWWWWWWWWWWWWWWWWWWWWWWWWWWWWWWWWWWWWWWWWWWWWWWWWWWWWWWWWWWWWWWWWWWWWWWWWWWWWWWWWWWWW]],
[[WWWWWWWWWWWWWWWWWWWWWWWWWWWWWWWWWWWWWWWWWWWWWWWWWWWWWWWWWWWWWWWWWWWWWWWWWWWWWWWWWWWWWWWWWWWWWWWWWWWWWWWWWWWWWWWWWWWWWWWWWWWWWWWWWWWWWWWWWWWWWWWWWWWWWWWWWWWWWWWWWWWWWWWWWWWWWWWWWWWWWWWWWWWWWWWWWWWWWW]],
[[WWWWWWWWWWWWWWWWWWWWWWWWWWWWWWWWWWWWWWWWWWWWWWWWWWWWWWWWWWWWWWWWWWWWWWWWWWWWWWWWWWWWWWWWWWWWWWWWWWWWWWWWWWWWWWWWWWWWWWWWWWWWWWWWWWWWWWWWWWWWWWWWWWWWWWWWWWWWWWWWWWWWWWWWWWWWWWWWWWWWWWWWWWWWWWWWWWWWWW]],
[[WWWWWWWWWWWWWWWWWWWWWWWWWWWWWWWWWWWWWWWWWWWWWWWWWWWWWWWWWWWWWWWWWWWWWWWWWWWWWWWWWWWWWWWWWWWWWWWWWWWWWWWWWWWWWWWWWWWWWWWWWWWWWWWWWWWWWWWWWWWWWWWWWWWWWWWWWWWWWWWWWWWWWWWWWWWWWWWWWWWWWWWWWWWWWWWWWWWWWW]],
[[WWWWWWWWWWWWWWWWWWWWWWWWWWWWWWWWWWWWWWWWWWWWWWWWWWWWWWWWWWWWWWWWWWWWWWWWWWWWWWWWWWWWWWWWWWWWWWWWWWWWWWWWWWWWWWWWWWWWWWWWWWWWWWWWWWWWWWWWWWWWWWWWWWWWWWWWWWWWWWWWWWWWWWWWWWWWWWWWWWWWWWWWWWWWWWWWWWWWWW]],
[[WWWWWWWWWWWWWWWWWWWWWWWWWWWWWWWWWWWWWWWWWWWWWWWWWWWWWWWWWWWWWWWWWWWWWWWWWWWWWWWWWWWWWWWWWWWWWWWWWWWWWWWWWWWWWWWWWWWWWWWWWWWWWWWWWWWWWWWWWWWWWWWWWWWWWWWWWWWWWWWWWWWWWWWWWWWWWWWWWWWWWWWWWWWWWWWWWWWWWW]],
[[WWWWWWWWWWWWWWWWWWWWWWWWWWWWWWWWWWWWWWWWWWWWWWWWWWWWWWWWWWWWWWWWWWWWWWWWWWWWWWWWWWWWWWWWWWWWWWWWWWWWWWWWWWWWWWWWWWWWWWWWWWWWWWWWWWWWWWWWWWWWWWWWWWWWWWWWWWWWWWWWWWWWWWWWWWWWWWWWWWWWWWWWWWWWWWWWWWWWWW]],
[[WWWWWWWWWWWWWWWWWWWWWWWWWWWWWWWWWWWWWWWWWWWWWWWWWWWWWWWWWWWWWWWWWWWWWWWWWWWWWWWWWWWWWWWWWWWWWWWWWWWWWWWWWWWWWWWWWWWWWWWWWWWWWWWWWWWWWWWWWWWWWWWWWWWWWWWWWWWWWWWWWWWWWWWWWWWWWWWWWWWWWWWWWWWWWWWWWWWWWW]],
[[WWWWWWWWWWWWWWWWWWWWWWWWWWWWWWWWWWWWWWWWWWWWWWWWWWWWWWWWWWWWWWWWWWWWWWWWWWWWWWWWWWWWWWWWWWWWWWWWWWWWWWWWWWWWWWWWWWWWWWWWWWWWWWWWWWWWWWWWWWWWWWWWWWWWWWWWWWWWWWWWWWWWWWWWWWWWWWWWWWWWWWWWWWWWWWWWWWWWWW]],
}
