-- Dragonball T: Dragonball Earth, northeast "9"
map.define("earth9.map")

-- NOTE: RRA units are necessarily placed in script, as they
-- are conditioned upon the states of General White and
-- Commander Red

-- NOTE: As above, all RRA SSQ dungeons are necessarily placed
-- via script

-------------------------------------------------------------------------------
-- Terrain
-------------------------------------------------------------------------------
map.symbol{ symbol='=' feat=FEAT_GRASS info=3 }
map.symbol{ symbol='^' feat=FEAT_MOUNTAIN info=3 }
map.symbol{ symbol='&' feat=FEAT_SNOWY_PEAK info=3 }
map.symbol{ symbol='#' feat=FEAT_BUILDING info=6 }
map.symbol{ symbol='T' feat=FEAT_TREES info=3 }
map.symbol{ symbol='F' feat=FEAT_RRA_TREES info=3 }
map.symbol{ symbol='W' feat=FEAT_DEEP_WATER info=3 }
map.symbol{ symbol='V' feat=FEAT_SHAL_WATER info=3 }
map.symbol{ symbol=',' feat=FEAT_DIRT info=3 }
map.symbol{ symbol='.' feat=FEAT_RRA_SNOW info=6 }
map.symbol{ symbol='O' feat=FEAT_SIDEWALK info=6 }

-------------------------------------------------------------------------------
-- Map-Specific Misc
-------------------------------------------------------------------------------
map.symbol{ symbol='Z' feat=FEAT_SIGNPOST info=3 on_walk="Red Ribbon Army personell ONLY!" }

map.symbol{ symbol='Y' feat=FEAT_SIDEWALK info=3 on_walk="Submarine dock" }

-------------------------------------------------------------------------------
-- Dungeons
-------------------------------------------------------------------------------
map.symbol{ symbol='A' feat=FEAT_MORE info=3 dungeon=DUNGEON_MUSCLE_TOWER }

-------------------------------------------------------------------------------
-- Stores
-------------------------------------------------------------------------------
map.symbol{ symbol='a' feat=FEAT_SHOP info=3 building=store.NINJUTSU }

map.map
{
[[==================================^^^^^^^^^^^^^^^^^^^^^^^^^^^^^^^^^^^^^^^^^^^=================^^^^^^^^^^=============================WWWWWWWWWWWWWWWWWWWWWWWWWWWWWWWWWWWWWWWWWWWWWWWWWWWWWWWWWWWWWWWWW]],
[[============================================^^^^^^^^^^^^^^^^^^^^^^^^============================^^^^^^^^===============================WWWWWWWWWWWWWWWWWWWWWWWWWWWWWWWWWWWWWWWWWWWWWWWWWWWWWWWWWWWWWWW]],
[[============T======================================^^^^^^^^^^^^^^=================================^^^^^^^^^=============================================WWWWWWWWWWWWWWWWWWWWWWWWWWWWWWWWWWWWWWWWWWWWWW]],
[[============================T=======T=========T========^^^^^^^^===================================^^^^^^^^^====================================================WWWWWWWWWWWWWWWWWWWWWWWWWWWWWWWWWWWWWWW]],
[[=======================================================T=^^^^^^^^^=============================^^^^^^^^^^^^=========================================================WWWWWWWWWWWWWWWWWWWWWWWWWWWWWWWWWW]],
[[=====T=================T=============================T=====TT^^^^^^^^^^^^^=================^^^^^^^^^^=================================================================WWWWWWWWWWWWWWWWWWWWWWWWWWWWWWWW]],
[[=============T===============T==========T=====T===TT==TTT^^^^^^^^^^^^===================^^^^^^^^^^^^^^^=================================================================WWWWWWWWWWWWWWWWWWWWWWWWWWWWWW]],
[[====================T================================T^^^^^^^^^^^^====================^^^^^^^^^==========================================================================WWWWWWWWWWWWWWWWWWWWWWWWWWWWW]],
[[==============T=====================T=========TT=T=TTTTT^^^^^&^^^^=========================^^^^^^^^^^^^^^=================================================================WWWWWWWWWWWWWWWWWWWWWWWWWWWW]],
[[==========================T=====T=========TT=======T^^^^^^&^&^^^^^^^^^^^===========================^^^^^^^^^===============================================================WWWWWWWWWWWWWWWWWWWWWWWWWWW]],
[[=====T================================T=T==T==T====T^^^^^^&&^^^^================================^^^^^^^^^===================================================================WWWWWWWWWWWWWWWWWWWWWWWWWW]],
[[====================T=========T=====T=T==T==T===T=TTT^^^^^&^^^^^========================^^^^^^^^^^^^^^======================================================================WWWWWWWWWWWWWWWWWWWWWWWWWW]],
[[==========T================T======T==T=T===T=TT=TT^^^^^^&&&^^^^^==========================^^^^^^^&&^^^^======================================================================WWWWWWWWWWWWWWWWWWWWWWWWW]],
[[================================T===T==T=TT=T==^^^^^^^^^&^^^^^^^=============================^^^^^^&^^^======================================================================WWWWWWWWWWWWWWWWWWWWWWWWW]],
[[^==================T=====T===T=======TTT=TTTTTTTTTTT^^^&^^^^^^==================================^^^^^^^^^^====================================================================WWWWWWWWWWWWWWWWWWWWWWWW]],
[[^^=======T====T=========T========TT=TTTTTaTTTTTTT^^^^^^^^^^^=======================================^^^^^^^^^^=================================================================WWWWWWWWWWWWWWWWWWWWWWWW]],
[[^^==============T==T==T====T==T=T====TTTTTTTTTTTT^^^^^^^^===============================Z=========....^^^^&^^^===============================================================WWWWWWWWWWWWWWWWWWWWWWWWW]],
[[^^^====T===T=============TT=T=TT==T=T==TTTTTTT^^^^^&^^^^=====================================...........^^&&&^^^^^=========================================================WWWWWWWWWWWWWWWWWWWWWWWWWWW]],
[[^^^TT=====T==T====T===T===T==T==TT===TT=TTT^^^^^^^^^^^================================................^^^&&&&&&&^^^========================================================WWWWWWWWWWWWWWWWWWWWWWWWWWW]],
[[^^^^TTT=TT==T==TT==T=T=T=T=T=T=T===T=T=^^^^^^^^&&^^===============================...................&&&&&&&&&&^^^^^^^^===============================================WWWWWWWWWWWWWWWWWWWWWWWWWWWWWWWW]],
[[^^^^^^TTTTTTT=T=TT=TTT=TT==T==T==TTTTT===^^^^^^^^^^=====================...............................&&&&&&&^^^^=======^^^^^^=============================WWWWWWWWWWWWWWWWWWWWWWWWWWWWWWWWWWWWWWWWWW]],
[[^^^^^^^^^^^^TTTTTTTTT=TTTTT=T=TTTTT^^^^^^^^^^^^^^^^=============...........................................&&&&&^^^^^^^^^^^^^^^^^===================WWWWWWWWWWWWWWWWWWWWWWWWWWWWWWWWWWWWWWWWWWWWWWWWWW]],
[[^^^^^^^^^^^^^^^^^^TTTTTTTTTTTTT^^^^^^^^^^^^^^^^========.......................................................&&&&&&^^^^^^^^^WWW^^==========WWWWWWWWWWWWWWWWWWWWWWWWWWWWWWWWWWWWWWWWWWWWWWWWWWWWWWWWWW]],
[[^^^^^^^^^^^^^^^^^^^^^^^^^^^^^^^^^^^^==================.........................................................&&&&&&&&&^^^^^^^WWWWWWWWWWWWWWWWWWWWWWW============WWWWWWWWWWWWWWWWWWWWWWWWWWWWWWWWWWWW]],
[[^^^^^&&&&&&&^^^^^^^^^^^^^^^^^^^^^^^^^^^===========...............................................................&&&&&&&&&&&^^^^^^^===================================WWWWWWWWWWWWWWWWWWWWWWWWWWWWWWWW]],
[[&&&&&&&&&&&&&&&&&&&&&&&&^^^^^^^^^^^^^=========.....................................................................&&&&&&&&&&&&^^^^^^==================================WWWWWWWWWWWWWWWWWWWWWWWWWWWWWWW]],
[[&&&&&&&&&&&&&&&&&&&&&&&&&&&&&&&&&&&&&&&&&&&&^........................................................................&&&&&&&&&&&&&&^^^==========FFFFFFFFFFFFFFFFFF======WWWWWWWWWWWWWWWWWWWWWWWWWWWWWW]],
[[&&&&&&&&&&&&&&&&&&&^^^^^^&&&&&&&&&&&&&^^................................................................................&&&&&&..&&&&^^^=======FFFFFFFFFFFFFFFFFFFFF======WWWWWWWWWWWWWWWWWWWWWWWWWWWWW]],
[[&&&&&&&&&&&&&&^^^^^^^^^^^^^^^&&&^..................................................................................................&&^^^=====FFFFFFFFFFFFFFFFFFFFFFF======WWWWWWWWWWWWWWWWWWWWWWWWWWWW]],
[[&&&&&&&&&^^^^^^^^^^^^^^^^^^^^&&&&&&&&&...........................................................................................&&&^^^^^^===FFFFFF=FFFFFFFF=FFFFFFFF======WWWWWWWWWWWWWWWWWWWWWWWWWWW]],
[[&^^^^^^^^^^^^^^^^^=======^^^^^^^^^^&&&&&&&&&....................................................................................&&&^^^=====FFFFFFFFFFFFFFFFFFFFFFFFFFF=====WWWWWWWWWWWWWWWWWWWWWWWWWWW]],
[[^^^^^^^^^^^^^^^^^^^============^^^^^^^^^^^&&&&&&&&............................................................................&&&&&&^^^^FFFFFFFFFFFFFFFFFFFFFFFFFFFFFFFFF===WWWWWWWWWWWWWWWWWWWWWWWWWW]],
[[^^^^^^^^^^^=========================^^^^^^^^^^^^&&&&&&...............................................................&&&&&&&&&&&&^^^^FFFFFFFFFFFF==============FFFFFFFF=====WWWWWWWWWWWWWWWWWWWWWWWWWW]],
[[^=======================================^^^^^^^^^^^^^&&&&&&&&&........................................................&&&&&^^^^^^^FFFFFFFFFFFFFFF=OOOOOOOOOOOO=FFFFFFFFF=====WWWWWWWWWWWWWWWWWWWWWWWWW]],
[[================================================^^^^^^^^&&&&&&&&&&.......................................................&&&&&&^^^^^FFFFFFFF=FFFF=OOOOOOOOOOOO=FFFF=FFFFF=====WWWWWWWWWWWWWWWWWWWWWWWW]],
[[===================================================^^^^^^^^&&&&............................................................&&&&&&^^^^TFFFFFFFFFFF=OO###OO###OO=FFFFFFFFFFF=====WWWWWWWWWWWWWWWWWWWWWWW]],
[[=======================================================^^^^^^&&&&&&&.........................................................&&&&&&^^FFFFFFFFFFFF=OO###OO###OO=FFFFFFFFFFF======WWWWWWWWWWWWWWWWWWWWWW]],
[[==========================================================^^^^^^&&&&&.........................................................&&&&&&^^FFFFFFFFFFF=OO#O#OO#O#OO=FFFFFFFFFFF=========WWWWWWWWWWWWWWWWWWW]],
[[============================================================^^^^^&&...........................................................&&&&&&&^^FFFFFFFFFF=OOOOOOOOOOOO=FFFFFFFFFFF====WWWOOOOOOOOWWWWWWWWWWWWW]],
[[==============================================================^^^^&&&&&&&&.....................................................&&&&&^^FFFFFFFFFFF=OO#O#OO#O#OO=FFFFFFFFFFF==WWWWWYYYYYYYYWWWWWWWWWWWWW]],
[[=================================================================^^^^^&&&&&&..................................................&&&&&^^FFFFFFFFFFFF=OO###OO###OO=FFFFFFFFFFF==WWWWWWWWWWWWWWWWWWWWWWWWWW]],
[[===============================================================^^^^^^&&&&&....................................................&&&&&&^^FFFFFFFFFFF=OO###OO###OO=FFFFFFFFFFF==WWWWWWWWWWWWWWWWWWWWWWWWWW]],
[[=============================================================^^^^^^&&&&......................................................&&&&&&&^^^FFFFF=FFFF=OOOOOOOOOOOO=FFFF=FFFFF===WWWWWWWWWWWWWWWWWWWWWWWWWW]],
[[===========================================================^^^^^^^^^^&&&...........................#.#.......................&&&&&&&^^FFFFFFFFFFF=OOOOOOOOOOOO=FFFFFFFFF====WWWWWWWWWWWWWWWWWWWWWWWWWW]],
[[==============================================================^^^^^^^^&&&&........................##A##.....................&&&&&&&^^FFFFFFFFFFFF==============FFFFFFFF====WWWWWWWWWWWWWWWWWWWWWWWWWWW]],
[[==================================================================^^^^^^&&&........................###.....................&&&&&&^^^^FFFFFFFFFFFFFFFFFFFFFFFFFFFFFFFF======WWWWWWWWWWWWWWWWWWWWWWWWWWW]],
[[T==================================================================^^^^^&&&&...............................................&&&&&^^^^^FFFFFFFFFFFFFFFFFFFFFFFFFFFFFFFFFF===WWWWWWWWWWWWWWWWWWWWWWWWWWWW]],
[[TT===================================================================^^^^&&&&&&..........................................&&&&&&^^W^^^FFFFFFFFFFFFFFF=FFFFFFF=FFFFFFFF====WWWWWWWWWWWWWWWWWWWWWWWWWWWWW]],
[[TT====================================================================^^^^&&&.........................................&&&&&&&&^^^W^^^FFFFFFFFFFFFFFFFFFFFFFFFFFFFFFFF===WWWWWWWWWWWWWWWWWWWWWWWWWWWWWW]],
[[TT=====================================================================^^^^&&&&&.............................&&&&&&&&&&&&&&&^^^^^W^^FFFFFFFFFFFFFFFFFFFFFFFFFFFFFFF=====WWWWWWWWWWWWWWWWWWWWWWWWWWWWWW]],
[[TTT======================================================================^^^^^^&&&&......................&&&&&&&&&&&&&&&&^^^^^^^=W========FFFFFFFFFFFFFFFFFFFFFFFFF====WWWWWWWWWWWWWWWWWWWWWWWWWWWWWWW]],
[[TTTT======================================================================^^^^^^^&&&&&..............&&&&&&&&&&&&&&&&^^^^^^^^^^===WW=========FFFFFFFFFFFFFFFFFFFF======WWWWWWWWWWWWWWWWWWWWWWWWWWWWWWWW]],
[[TTTTTT=========================================================================^^^^^&&&&&&&.......&&&&&&&&&&&&&&&^^^^^^^^=========WWWWWWW===========================WWWWWWWWWWWWWWWWWWWWWWWWWWWWWWWWWW]],
[[TTTTTTTTT=========================================================================^^^^^^&&&&&&&&&&&&&&&&&^^^^^^^^^^=====================WWWWWWWWWWWWWWWWWWWWWWWWWWWWWWWWWWWWWWWWWWWWWWWWWWWWWWWWWWWWWW]],
[[TTTTTTTTTT===========================================================================^^^^^^&&&&&&&&&^^^^^^^^^^=================================WWWWWWWWWWWWWWWWWWWWWWWWWWWWWWWWWWWWWWWWWWWWWWWWWWWWWWW]],
[[TTTTTTTTTTTTT==========================================================================^^^^^^&&&&^^^^^===============================================WWWWWWWWWWWWWWWWWWWWWWWWWWWWWWWWWWWWWWWWWWWWWWWWW]],
[[TTTTTTTTTTTTTTT==========================================================================^^^^^&&^^^=============================================================WWWWWWWWWWWWWWWWWWWWWWWWWWWWWWWWWWWWWW]],
[[TTTTTTTTTTTTTTTTTTT===============TTT=====================================================^^^^^&^^^^=================================================================WWWWWWWWWWWWWWWWWWWWWWWWWWWWWWWWW]],
[[TTTTTTTTTTTTTTTTTTTTTTTTT=========TT=======================================================^^^^^&^^=====================================================================WWWWWWWWWWWWWWWWWWWWWWWWWWWWWW]],
[[TTTTTTTTTTTTTTTTTTTTTTTTT========TTTT========================================================^^^^^^^^===================================================================WWWWWWWWWWWWWWWWWWWWWWWWWWWWWW]],
[[TTTTTTTTTTTTTTTTTTTTTTTTTTTT========TT========================================================^^^^^^^^^^===============================================================WWWWWWWWWWWWWWWWWWWWWWWWWWWWWWW]],
[[TTTTTTTTTTTTTTTTTTTTTTTTTTTTT=====TTTTTT=========================================================^^^^^^^^^^^==========================================================WWWWWWWWWWWWWWWWWWWWWWWWWWWWWWWW]],
[[TTTTTTTTTTTTTTTTTTTTTTTTTTTTTTTTTTTTTTTTT============================================================^^^^^^^^^=========================================================WWWWWWWWWWWWWWWWWWWWWWWWWWWWWWW]],
[[TTTTTTTTTTTTTTTTTTTTTTTTTTTTTTTTTTTTTTTTTT============================================================^^^^^^^^^^======================================================WWWWWWWWWWWWWWWWWWWWWWWWWWWWWWWW]],
[[TTTTTTTTTTTTTTTTTTTTTTTTTTTTTTTTTTTTTTTTTTT==========================================================^^^^^^^^^^^^^^==================================================WWWWWWWWWWWWWWWWWWWWWWWWWWWWWWWWW]],
[[TTTTTTTTTTTTTTTTTTTTTTTTTTTTTTTTTTTTTTTTTTTTT=======================================================^^^^^^^^^^^^^^^^=================================================WWWWWWWWWWWWWWWWWWWWWWWWWWWWWWWWW]],
}

