-- Dragonball T: Dragonball Earth east "6"
map.define("earth6.map")

-------------------------------------------------------------------------------
-- Terrain
-------------------------------------------------------------------------------
map.symbol{ symbol='=' feat=FEAT_GRASS info=3 }
map.symbol{ symbol='^' feat=FEAT_MOUNTAIN info=3 }
map.symbol{ symbol='&' feat=FEAT_SNOWY_PEAK info=3 }
map.symbol{ symbol='#' feat=FEAT_BUILDING info=6 }
map.symbol{ symbol='T' feat=FEAT_TREES info=3 }
map.symbol{ symbol='W' feat=FEAT_DEEP_WATER info=3 }
map.symbol{ symbol='V' feat=FEAT_SHAL_WATER info=3 }
map.symbol{ symbol=',' feat=FEAT_DIRT info=3 }
map.symbol{ symbol='.' feat=FEAT_SNOW info=3 }

-------------------------------------------------------------------------------
-- Map-Specific Misc
-------------------------------------------------------------------------------
map.symbol{ symbol='|' feat=FEAT_KARIN_TOWER_EXT info=3 }
map.symbol{ symbol='a' feat=FEAT_SIGNPOST info=6 on_walk="The sign reads 'Crane Hermit'" }
map.symbol{ symbol='b' feat=FEAT_SIGNPOST info=6 on_walk="Beware of wolves" }

-------------------------------------------------------------------------------
-- Dungeons
-------------------------------------------------------------------------------
map.symbol{ symbol='f' feat=FEAT_MORE info=3 dungeon=DUNGEON_KARIN name="The Land of Karin" }

-- Dr. Gero's Secret Lair
map.quest_symbol
{
	quest = QUEST_GERO_MASTERMIND
	symbol = 'g'
	symbols =
	{
		[{QUEST_STATUS_TAKEN}] = { feat=FEAT_MORE info=3 dungeon=DUNGEON_GERO_LAB }
		[{QUEST_STATUS_FINISHED}] = { feat=FEAT_MORE info=3 dungeon=DUNGEON_GERO_LAB }
		default = { feat=FEAT_FLOOR info=3 on_walk="This would be the perfect place to build a secret lair." }
	}
}
map.symbol{ symbol='h' feat=FEAT_MORE info=3 dungeon=DUNGEON_MUSASHI }
map.symbol{ symbol='i' feat=FEAT_MORE info=3 dungeon=DUNGEON_CRANE }
map.symbol{ symbol='j' feat=FEAT_MORE info=6 dungeon=DUNGEON_WOLFCAVE }

map.map
{
[[TTTTTTTTTTTTTTTTTTTTTTTTTTTTTTTTTTTTTTTTTTTTT====================================|==================^^^^^^^^^^^^^^^^=================================================WWWWWWWWWWWWWWWWWWWWWWWWWWWWWWWWW]],
[[TTTTTTTTTTTTTTTTTTTTTTTTTTTTTTTTTTTTTTTTTTTTT====================================|======================^^^^^^^^^^^^^^^==============================================WWWWWWWWWWWWWWWWWWWWWWWWWWWWWWWWW]],
[[TTTTTTTTTTTTTTTTTTTTTTTTTTTTTTTTTTTTTTTTTTTTT====================================|=========================^^^^^^^^^^=================================================WWWWWWWWWWWWWWWWWWWWWWWWWWWWWWWW]],
[[TTTTTTTTTTTTTTTTTTTTTTTTTTTTTTTTTTTTTTTTTTTTTT===================================|===========================^^^^^^^^^^================================================WWWWWWWWWWWWWWWWWWWWWWWWWWWWWWW]],
[[TTTTTTTTTTTTTTTTTTTTTTTTTTTTTTTTTTTTTTTTTTTTTT===================================|=============================^^^^^^^^^===============================================WWWWWWWWWWWWWWWWWWWWWWWWWWWWWWW]],
[[TTTTTTTTTTTTTTTTTTTTTTTTTTTTTTTTTTTTTTTTTTTTTTT==================================|=============================^^^^^^^^^^^=============================================WWWWWWWWWWWWWWWWWWWWWWWWWWWWWWW]],
[[TTTTTTTTTTTTTTTTTTTTTTTTTTTTTTTTTTTTTTTTTTTTTTT==================================|=================================^^^^^^^=============================================WWWWWWWWWWWWWWWWWWWWWWWWWWWWWWW]],
[[TTTTTTTTTTTTTTTTTTTTTTTTTTTTTTTTTTTTTTTTTTTTTTTTT================================f===============================TT^^^^^^^^^^==========================================WWWWWWWWWWWWWWWWWWWWWWWWWWWWWWW]],
[[TTTTTTTTTTTTTTTTTTTTTTTTTTTTTTTTTTTTTTTTTTTTTTTTTTTTT=========================================================TTTTTT^^^^^^^^^^=========================================WWWWWWWWWWWWWWWWWWWWWWWWWWWWWWW]],
[[TTTTTTTTTTTTTTTTTTTTTTTTTTTTTTTTTTTTTTTTTTTTTTTTTTTTTTTTT===================================================TTTTTTT====^^^^^^^========================================WWWWWWWWWWWWWWWWWWWWWWWWWWWWWWWW]],
[[TTTTTTTTTTTTTTTTTTTTTTTTTTTTTTTTTTTTTTTTTTTTTTTTTTTTTTTTTTTT==============================================TTTTTTTTT======^^^^^^^======================================WWWWWWWWWWWWWWWWWWWWWWWWWWWWWWWW]],
[[TTTTTTTTTTTTTTTTTTTTTTTTTTTTTTTTTTTTTTTTTTTTTTTTTTTTTTTTTTTTTTT===========================================TTTT==============^^^^======================================WWWWWWWWWWWWWWWWWWWWWWWWWWWWWWWW]],
[[TTTTTTTTTTTTTTTTTTTTTTTTTTTTTTTTTTTTTTTTTTTTTTTTTTTTTTTTTTTTTTTTTTT=====================================TTTT=================g^^=====================================WWWWWWWWWWWWWWWWWWWWWWWWWWWWWWWWW]],
[[TTTTTTTTTTTTTTTTTTTTTTTTTTTTTTTTTTTTTTTTTTTTTTTTTTTTTTTTTTTTTTTTTTTTTTT==============================TTTTT=================^^^^^^====================================WWWWWWWWWWWWWWWWWWWWWWWWWWWWWWWWW]],
[[TTTTTTTTTTTTTTTTTTTTTTTTTTTTTTTTTTTTTTTTTTTTTTTTTTTTTTTTTTTTTTTTTTTTTTTT========================TTTTTTTTT===============^^^^^^^^^^^^^================================WWWWWWWWWWWWWWWWWWWWWWWWWWWWWWWWW]],
[[TTTTTTTTTTTTTTTTTTTTTTTTTTTTTTTTTTTTTTTTTTTTTTTTTTTTTTTTTTTTTTTTTTTTTTTTTTTTTTTT============TTTTTTTTTTTTT============^^^^^^^====^^^^^^^=============================WWWWWWWWWWWWWWWWWWWWWWWWWWWWWWWWWW]],
[[TTTTTTTTTTTTTTTTTTTTTTTTTTTTTTTTTTTTTTTTTTTTTTTTTTTTTTTTTTTTTTTTTTTTTTTTTTTTTTTTTTTTTTTTTTTTTTTTTTTTTTT============^^^^^^==========^^==============================WWWWWWWWWWWWWWWWWWWWWWWWWWWWWWWWWWW]],
[[TTTTTTTTTTTTTTTTTTTTTTTTTTTTTTTTTTTTTTTTTTTTTTTTTTTTTTTTTTTTTTTTTTTTTTTTTTTTTTTTTTTTTTTTTTTTTTTTT================^^^^===============^^^^===========================WWWWWWWWWWWWWWWWWWWWWWWWWWWWWWWWWWW]],
[[TTTTTTTTTTTTTTTTTTTTTTTTTTTTTTTTTTTTTTTTTTTTTTTTTTTTTTTTTTTTTTTTTTTTTTTTTTTTTTTTTTTTTTTTTTTTTT=================^^^^================================================WWWWWWWWWWWWWWWWWWWWWWWWWWWWWWWWWWW]],
[[TTTTTTTTTTTTTTTTTTTTTTTTTTTTTTTTTTTTTTTTTTTTTTTTTTTTTTTTTTTTTTTTTTTTTTTTTTTTTTTTTTTTTTTTTT==================^^^^====================================================WWWWWWWWWWWWWWWWWWWWWWWWWWWWWWWWWW]],
[[TTTTTTTTTTTTTTTTTTTTTTTTTTTTTTTTTTTTTTTTTTTTTTTTTTTTTTTTTTTTTTTTTTTTTTTTTTTTTTTTTTT=====================^^^^^^^^====================================================WWWWWWWWWWWWWWWWWWWWWWWWWWWWWWWWWW]],
[[TTTTTTTTTTTTTTTTTTTTTTTTTTTTTTTTTTTTTTTTTTTTTTTTTTTTTTTTTTTTTTTTTTTTTTTTTTTTT=======================^^^^^^==h^^^^===================================================WWWWWWWWWWWWWWWWWWWWWWWWWWWWWWWWWW]],
[[TTTTTTTTTTTTTTTTTTTTTTTTTTTTTTTTTTTTTTTTTTTTTTTTTTTTTTTTTTTTTTTTTTTTTTTTTTT========================^^=======^^=^^^===================================================WWWWWWWWWWWWWWWWWWWWWWWWWWWWWWWWW]],
[[TTTTTTTTTTTTTTTTTTTTTTTTTTTTTTTTTTTTTTTTTTTTTTTTTTTTTTTTTTTTTTTTTTTTTTTTT==================================^^===^^===================================================WWWWWWWWWWWWWWWWWWWWWWWWWWWWWWWWW]],
[[TTTTTTTTTTTTTTTTTTTTTTTTTTTTTTTTTTTTTTTTTTTTTTTTTTTTTTTTTTTTTTTTTTTTTTT==========================================^^===================================================WWWWWWWWWWWWWWWWWWWWWWWWWWWWWWWW]],
[[TTTTTTTTTTTTTTTTTTTTTTTTTTTTTTTTTTTTTTTTTTTTTTTTTTTTTTTTTTTTTTTTTTTTT============TTTTT==^^^^^====================^^^===================================================WWWWWWWWWWWWWWWWWWWWWWWWWWWWWWW]],
[[TTTTTTTTTTTTTTTTTTTTTTTTTTTTTTTTTTTTTTTTTTTTTTTTTTTTTTTTTTTTTTTTTT============TTTTTTTT^^^=========================^^^==================================================WWWWWWWWWWWWWWWWWWWWWWWWWWWWWWW]],
[[TTTTTTTTTTTTTTTTTTTTTTTTTTTTTTTTTTTTTTTTTTTTTTTTTTTTTTTTTTTTTTT==========TTTTTTTTTTT^^^TTT=========================^^^================================================WWWWWWWWWWWWWWWWWWWWWWWWWWWWWWWW]],
[[TTTTTTTTTTTTTTTTTTTTTTTTTTTTTTTTTTTTTTTTTTTTTTTTTTTTTTTTTTTTTTTT======TTTTTTTTTTTTTTTTTTTTTTT========================^^==============================================WWWWWWWWWWWWWWWWWWWWWWWWWWWWWWWWW]],
[[TTTTTTTTTTTTTTTTTTTTTTTTTTTTTTTTTTTTTTTTTTTTTTTTTTTTTTTTTTTTTTTTTTTTTTTTTTTTTTTTTTTTTTTTTTTTTTT========================^=============================================WWWWWWWWWWWWWWWWWWWWWWWWWWWWWWWWW]],
[[TTTTTTTTTTTTTTTTTTTTTTTTTTTTTTTTTTTTTTTTTTTTTTTTTTTTTTTTTTTTTTTTTTTTTTTTTTTTTTTTTTTTTTTTTTTTTTTTTTT================================================================WWWWWWWWWWWWWWWWWWWWWWWWWWWWWWWWWWW]],
[[TTTTTTTTTTTTTTTTTTTTTTTTTTTTTTTTTTTTTTTTTTTTTTTTTTTTTTTTTTTTTTTTTTTTTTTTTTTTTTTTTTTTTTTTTTTTTTTTTTTTTT============================================================WWWWWWWWWWWWWWWWWWWWWWWWWWWWWWWWWWWW]],
[[TTTTTTTTTTTTTTTTTTTTTTTTTTTTTTTTTTTTTTTTTTTTTTTTTTTTTTTTTTTTTTTTT^^^TTTTTT^^^^^^TTTTTTTTTTTTTTTTTTTTTTTTT=======================================================WWWWWWWWWWWWWWWWWWWWWWWWWWWWWWWWWWWWWW]],
[[TTTTTTTTTTTTTTTTTTTTTTTTTTTTTTTTTTTTTTTTTTTTTTTTTTTTTTTTTTTT^^^^^^TTTTTTTTTTTT^^^^TTTTTTTTTTTTTTTTTTTTTTTTT====================================================WWWWWWWWWWWWWWWWWWWWWWWWWWWWWWWWWWWWWWW]],
[[TTTTTTTTTTTTTTTTTTTTTTTTTTTTTTTTTTTTTTTTTTTTTTTTTTTTTTTTTTTTTT^^TTTTTTTTTTTTTTTT^TTTTTTTTTTTTTTTTTTTTTTTTTTTTTT================================================WWWWWWWWWWWWWWWWWWWWWWWWWWWWWWWWWWWWWWW]],
[[TTTTTTTTTTTTTTTTTTTTTTTTTTTTTTTTTTTTTTTTTTTTTTTTTTTTTTTTTTTTTTTTTTTTTTTTTTTTTTTTTTTTTTTTTTTTTTTTTTTTTTTTTTT=====================================================WWWWWWWWWWWWWWWWWWWWWWWWWWWWWWWWWWWWWW]],
[[TTTTTTTTTTTTTTTTTTTTTTTTTTTTTTTTTTTTTTTTTTTTTTTTTTTTTTTTTTTTTTTTTTTTTTTTTTTTTTTTTTTTTTTTTTTTTTTTTTTTTTTTTTTTT=====================================================WWWWWWWWWWWWWWWWWWWWWWWWWWWWWWWWWWWW]],
[[TTTTTTTTTTTTTTTTTTTTTTTTTTTTTTTTTTTTTTTTTTTTTTTTTTTTTTTTTTTTTTTTTTTTTTTTTTTTTTTTTTTTTTTT^^TTTTTTTTTTTTTTTTTTTTT====================================================WWWWWWWWWWWWWWWWWWWWWWWWWWWWWWWWWWW]],
[[TTTTTTTTTTTTTTTTTTTTTTTTTTTTTTTTTTTTTTTTTTTTTTTTTTTTTTTTTTTTTTTTTTTTTTTTTTTTTTTTTTTTTTTTTT^TTTTTTTTTTTTTTTTTTTTT====================================================WWWWWWWWWWWWWWWWWWWWWWWWWWWWWWWWWW]],
[[TTTTTTTTTTTTTTTTTTTTTTTTTTTTTTTTTTTTTTTTTTTTTTTTTTTTTTTTTTTTTT^^^TTTTTTTTTTTTTTTTTTTTTTTTTTTTTTTTTTTTTTTTTTTTTTTTT===================================================WWWWWWWWWWWWWWWWWWWWWWWWWWWWWWWWW]],
[[TTTTTTTTTTTTTTTTTTTTTTTTTTTTTTTTTTTTTTTTTTTTTTTTTTTTT^^^^^^^^^^^^^^^^TTTTTTTTTTTTTTTTTTTTTTTTTTTTTTTTTTTTTTTTTTTTTT==================================================WWWWWWWWWWWWWWWWWWWWWWWWWWWWWWWWW]],
[[TTTTTTTTTTTTTTTTTTTTTTTTTTTTTTTTTTTTTTTTTTTTTT^^^^^^^^^^^^^^^TTTTTTTTTTTTTTTTTTTTTTTTTTTTTTTTTTTTTTTTTTTTTTTTTTTTTTT==================================================WWWWWWWWWWWWWWWWWWWWWWWWWWWWWWWW]],
[[TTTTTTTTTTTTTTTTTTTTTTTTTTTTTTTTTTTTT^^^^^^^^^^^^^^^^^^^^^^^^^^^TTTTTTTTTTTTTTTTTTTTTTTTTTTTTTTTTTTTTTTTTTTTTTTTTTTTT=====================================================WWWWWWWWWWWWWWWWWWWWWWWWWWWW]],
[[TTTTTTTTTTTTTTTTTTTTTTTTTTTTTTTTTTTTTTTTTTTT^^^^^^^^TTTTTTTTTTTTTTTTTTTTTTTTTTTTTTTTTTTTTTTTTTTTTTTTTTTTTTTTTTTTTTTTT===============================================================WWWWWWWWWWWWWWWWWW]],
[[TTTTTTTTTTTTTTTTTTTTTTTTTTTTTTTTTTTTTTTTTTTTTTTTTTTTTTTTTTTTTTTTTTTTTTTTTTTTTTTTTTTTTTTTTTTTTTTTTTTTTTTTTTTTTTTTTTTTTT=====================================================================WWWWWWWWWWW]],
[[TTTTTTTTTTTTTTTTTTTTTTTTTTTTTTTTTTTTTTTTTTTTTTTTTTTTTTTTTTTTTTTTTTTTTTTTTTTTTTTTTTTTTTTTTTTTTTTTTTTTTTTTTTTTTTTTTTTTTTT======================================================================WWWWWWWWW]],
[[TTTTTTTTTTTTTTTTTTTTTTTT^^^^^^^^^^TTTTTTTTTTTTTTTTTTTTTTTTTTTTTTTTTTTTTTTTTTTTTTTTTTTTTTTTTTTTTTTTTTTTTTTTTTTTTTTTTTT==========================================================================WWWWWWW]],
[[TTTTTTTTTTTTTTTTTT^^^^^^^^^^^^TTTTTTTTTTTTTTTTTTTTTTTTTTTTTTTTTTTTTTTTTTTTTTTTTTTTTTTTTTTTTTTTTTTTTTTTTTTTTTTTTTTTTT==================================================================================]],
[[TTTTTTTTTT^^^^^TTTTTTTTTTTTTTTTTTTTTTTTTTTTTTTTTTTTTTTTTTTTTTTTTTTTTTTTTTTTTTTTTTTTTTTTTTTTTTTTTTTTTTTTTTTTTTTTTTTTTT=================================================================================]],
[[TTTTTT^^^^^T^TTTTTTTTTTTTTTTTTTTTTTTTTTTTTTTTTTTTTTTTTTTTTTTTTTTTTTTTTTTTTTTTTTTTTTTTTTTTTTTTTTTTTTTTTTTTTTTTTTT======================================================================================]],
[[TTTTT^^..^^^^^^^^^^^TTTTTTTTTTTTTTTTTTTTTTTTTTTTTTTTTTTTTTTTTTTTTTTTTTTTTTTTTTTTTTTTTTTTTTTTTTTTTTTTTTTTTTTTTTT=======================================================================================]],
[[TTT^^^.......^^^^TTTTTTTTTTTTTTTTTTTTTTTTTTTTTTTTTTTTTTTTTTTTTTTTTTTTTTTTTTTTTTTTTTTTTTTTTTTTTTTTTTTTTTTTTTTT=========================================================================================]],
[[TT^TT.Tb...j..T^^^TTTTTTTTTTTTTTTTTTTTTTTTTTTTTTTTTTTTTTTTTTTTTTTTTTTTTTTTTTTTTTTTTTTTTTTTTTTTTTTTTTTTTTTTTTTTT=======================================================================================]],
[[TTTT.TTTT....^^TTTTTTTTTTTTTTTTTTTTTTTTTTTTTTTTTTTTTTTTTTTTTTTTTTTTTTTTTTTTTTTTTTTTTTTTTTTTTTTTTTTTTTTTTTTTTTTTTT=====================================================================================]],
[[TTTT.TTTTTTTTTTTTTT^^TTTTTTTTTTTTTTTTTTTTTTTTTTTTTTTTTTTTTTTTTTTTTTTTTTTTTTTTTTTTTTTTTTTTTTTTTTTTTTTTTTTTTTTTTTTTTTT==================================================================================]],
[[TTTT=TTTTTTTTTTTTTTTTTTTTTTTTTTTTTTTTTTTTTTTTTTTTTTTTTTTTTTTTTTTTTTTTTTTTTTTTTTTTTTTTTTTTTTTTTTTTTTTTTTTTTTTTTTTTT====================================================================================]],
[[TTTT=TTTTTTTTTTTTTTTTTTTT^TTTTTTTTTTTTTTTTTTTTTTTTTTTTTTTTTTTTTTTTTTTTTTTTTTTTTTTTTTTTTTTTTTTTTTTTTTTTTTTTTTTTTTTTTTT=================================================================================]],
[[TTTTT==TTTTTTTTTTTTTTTTTTTTTTTTTTTTTTTTTTTTTTTTTTTTTTTTTTTTTTTTTTTTTTTTTTTTTTTTTTTTTTTTTTTTTTTTTTTTTTTTTTTTTTTTTTTTTT=================================================================================]],
[[TTTTTT=TTTTTTT===TTTTTTTTTTTTTTTTTTTTTTTTTTTTTTTTTTTTTTTTTTTTTTTTTTTTTTTTTTTTTTTTTTTTTTTTTTTTTTTTTTTTTTTTTTTTTTTTTTTT=================================================================================]],
[[TTTTTTT===TT======TTTTTTTTTTTTTTTTTTTT^TTTTTTTTTTTTTTTTTTTTTTTTTTTTTTTTTTTTTTTTTTTTTTTTTTTTTTTTTTTTTTTTTTTTTTTTTTTTTTTTT==============================================================================]],
[[TTTTT=========###==TTTTTTTTTTTTTTTTTTTTTTTTTTTTTTTTTTTTTTTTTTTTTTTTTTTTTTTTTTTTTTTTTTTTTTTTTTTTTTTTTTTTTTTTTTTTTTTTTTT================================================================================]],
[[TTTT===TTa====i##==TTTTTTTTTTTTTTTTTTTTTTTTTTTTTTTTTTTTTTTTTTTTTTTTTTTTTTTTTTTTTTTTTTTTTTTTTTTTTTTTTTTTTTTTTTTTTTTTTTT================================================================================]],
[[TTT===TTTTT===###==TTTTTTTTTTTTTTTTTTTTTTTTTTTTTTTTTTTTTTTTTTTTTTTTTTTTTTTTTTTTTTTTTTTTTTTTTTTTTTTTTTTTTTTTTTTTTTTTTTTTTTT============================================================================]],
[[TT==TTTTTTTT======TTTTTTTTTTTTTTTTTTTTTTTTTTTTTTTTTTTTTTTTTTTTTTTTTTTTTTTTTTTTTTTTTTTTTTTTTTTTTTTTTTTTTTTTTTTTTTTTTTTTTTTTTT==========================================================================]],
[[T==TTTTTTTTTTTTTTTTTTTTTTTTTTTTTTTTTTTTTTTTTTTTTTTTTTTTTTTTTTTTTTTTTTTTTTTTTTTTTTTTTTTTTTTTTTTTTTTTTTTTTTTTTTTTTTTTTTTTTTTTTTTT=======================================================================]],
[[T=TTTTTTTTTTTTTTTTTTTTTTTTTTTTTTTTTTTTTTTTTTTTTTTTTTTTTTTTTTTTTTTTTTTTTTTTTTTTTTTTTTTTTTTTTTTTTTTTTTTTTTTTTTTTTTTTTTTTTTTTTTTTTTTT====================================================================]],
}
