-- Dragonball T: Earth, northeast
map.define("earthne.map")

map.import("towns/symbols.map")

map.symbol{ symbol='.' feat=FEAT_SNOW info=3 }

map.symbol{ symbol='c' feat=FEAT_GUARD_TOWER info=3 }
map.symbol{ symbol='e' feat=FEAT_SHOP info=3 building=store.NINJUTSU }
map.symbol{ symbol='f' feat=FEAT_MORE info=3 dungeon=DUNGEON_KARIN name="The Land of Karin" }
map.symbol{ symbol='g' feat=FEAT_GRASS info=3 on_walk="Korin Tower extends up, as far into the sky as you can see..." }
map.symbol{ symbol='h' feat=FEAT_YAMCHA_BRIDGE info=3 }
map.symbol{ symbol='p' feat=FEAT_MORE info=3 dungeon=DUNGEON_MUSCLE_TOWER }
map.symbol{ symbol='q' feat=FEAT_MORE info=3 dungeon=DUNGEON_UNDERWATER_CAVERN }
map.symbol{ symbol='|' feat=FEAT_KARIN_TOWER_EXT info=3 }
-- map.symbol{ symbol='r' feat=FEAT_MORE info=3 dungeon=DUNGEON_PILAF }
-- map.symbol{ symbol='p' feat=FEAT_MORE info=3 dungeon=DUNGEON_MUSCLE_TOWER name="entrance to Muscle Tower" }
-- map.symbol{ symbol='q' feat=FEAT_MORE info=3 dungeon=DUNGEON_UNDERWATER_CAVERN name="an underwater cavern" }
map.symbol{ symbol='r' feat=FEAT_MORE info=3 dungeon=DUNGEON_PILAF name="Emperor Pilaf's Castle" }


map.symbol{ symbol='S' feat=FEAT_SNOWY_PEAK info=3 }

map.symbol{ symbol='t' feat=FEAT_MORE info=6 dungeon=DUNGEON_FROZEN_WASTES }

-- Dr. Gero's Secret Lair
map.quest_symbol
{
	quest = QUEST_GERO_MASTERMIND
	symbol = 'd'
	symbols =
	{
		[{QUEST_STATUS_TAKEN}] = { feat=FEAT_MORE info=3 dungeon=DUNGEON_GERO_LAB }
		[{QUEST_STATUS_FINISHED}] = { feat=FEAT_MORE info=3 dungeon=DUNGEON_GERO_LAB }
		default = { feat=FEAT_FLOOR info=3 on_walk="This would be the perfect place to build a secret lair." }
	}
}

-- Yamcha currently being handled in dbtstuff
--[[
-- Yamcha
map.quest_symbol
{
	quest = QUEST_BRIDGE_BANDIT
	symbol = 'Y'
	symbols =
	{
		[{QUEST_STATUS_FINISHED}] = { feat=FEAT_FLOOR }
		[{QUEST_STATUS_COMPLETED}] = { feat=FEAT_FLOOR }
		default = { feat=FEAT_FLOOR info=3 monster=RACE_YAMCHA }
	}
}
]]

---------------- Town Layout ----------------
map.map
{
[[---------------------------------------------------TTTTTTTTTTT|TTTTTTTTTTTTTTTTTTTTTTTTTTTTTTTTTTTTTTT,,,,,,,,,,,,,,,,,,,,,,,,,,,,,,,,,,,,,,,,,,,,,,,,,,,,,,,,,,,,,,,,,,,,,,,TTTTTTTTTTTTTTTTTTTTTTTTT]],
[[--------------------T-------------------------TTTTTTTTTTTTTTTT|TTTTTTTTTTTTTTTTTTTTTTTTTTTTTTTTTTT,,,,,,,,,,,,,,,,,,,,,,,,,,,,,,,,,,,,,,,,,,,,,,,,,,,,,,,,,,,,,,,,,,,,TTTTTTTTTTTTTTTTTTTTTTTTTTTTTTTT]],
[[---------T------------------------------TTTTTTTTTTTTTTTTTTTTTT|TTTTTTTTTTTTTTTTTTTTTTTTTTTTTT--,,,,,,,,,,,,,,,,,,,,,,,,,,,,,,,,,,,,,,,,,,,,,,,,,,,,,,,,,,,,,,,,,,,,TTTTTTTTTTTTTTTTTTTTTTTTTTTTTTTTTTT]],
[[---T----------T----------------TTTTTTTTTTTTTTTTTTTTTTTTTTTTTTT|TTTTTTTTTTTTTTTTTTTTTTTTTTTTT--,,,,,,,,,,,,,,,,,,,,,,,,,,,,,,,,,,,,,,,,,,,,,,,,,,,,,,,,,,,,,,,,,TTTTTTTTTTTTTTTTTTTTTTTTTTTTTTTTTTTTTTT]],
[[--------------------TTTTTTTTTTTTTTTTTTTTTTTTTTTTTTTTTTTTTTTTTT|TTTTTTTTTTTTTTTTTTTTTTTTTTT---,,,-,,,,,,,,,,,,,,,,,,,,,,,,,,,,,,,,,,,,,,,,,,,,,,,,,,,,,,,,,,,TTTTTTTTTTTTTTTTTTTTTTTTTTTTTTTTTTTTTTTTTT]],
[[---------------TTTTTTTTTTTTTTTTTTTTTTTTTTTTTTTTTTTTTTTTTTTTTTT|TTTTTTTTTTTTTTTTTTTTTTTTT---,-,,,,,,,,,,,,,,,,,,,,,,,,,,,,,,,,,,,,,,,,,,,,,,,,,,,,,,,,,,,TTTTTTTTTTTTTTTTTTTTTTTTTTTTTTTTTTTTTTTTTTTTTT]],
[[----T--------TTTTTTTTTTTTTTTTTTTTTTTTTTTTTTTTTTTTTTTTTTTTTTTTT|TTTTTTTTTTTTTTTTTTTTTTTTT---,,,-,,,,,-,,,,,,,,,,,,,,,,,,,,,,,,,,,,,,,,,,,,,,,,,,,,,,,,,,,TTTTTTTTTTTTTTTT-----TTTTTTTTTTTTTTTTTTTTTTTTT]],
[[-T------TTTTTTTTTTTTTTTTTTTTTTTTTTTTTTTTTTTTTTTTTTTTTTTTTTTTTT|TTTTTTTTTTTTTTTTTTTTTTTTT-----,,-,,,,,,,,,,,,,,,,,,,,,,,,,,,,,,,,,,,,,,,,,,,,,,,,TTTTTTTTTTTTTTTTTT-------^^^----------TTTTTTTTTTTTTTTT]],
[[-----TTTTTTTTTTTTTTTTTTTTTTTTTTTTTTTTTTTTTTTTTTTTTTTTTTTTTTTTT|TTTTTTTTTTTTTTTTTTTTTTTTT------,,-,-,,,,,,,,,,,,,,,,,,,,,,,,,,,,,,,,,,,,,,,TTTTTTTTTTTTTTTTTTTT-----^^^^^^^^^^^^^^^^^^---TTTTTTTTTTTTTT]],
[[----TTTTTTTTTTTTTTTTTTTTTTTTTTTTTTTTTTTTTTTTTTTTTTTTTTTTTTTTTT|TTTTTTTTTTTTTTTTTTTTTTTT---------,,,,-,,,,,,,,,,,,,,,,,,,,,,,,,,,,,,,,TTTTTTTTTTTTTTTTTT--------^^^^^^SSSSSSSS^^^^^^^^^^-------TTTTTTTT]],
[[---TTTTTTTTTTTTTTTTTTTTTTTTTTTTTTTTTTTTTTTTTTTTTTTTTTTTTTTTTTT|TTTTTTTTTTTTTTTTTTTTTTT-----------,,,,,,,,-,,,,,,,,--,,-,-,,,,,,,,,TTTTTTTTTTTTTTTT------^^^^^^^^^^SSSSSSSSSSSSSSSS^^^^^^^^^^^------TTT]],
[[--TTTTTTTTTTTTTTTTTTTTTTTTTTTTTTTTTTTTTTTTTTTTTTTTTTTTTTTTTTTT|TTTTTTTTTTTTTTTTTTTTTT---TTTT------,---,--,,,,,,,,-,,-,,,,-----TTTTTTTTTTTTTTTTT----^^^^^^^^^^^^SSSSSSSSSSSSSSSSSSSSSSSS^^^^^^^^^^^-TTT]],
[[--TTTTTTTTTTTTTTTTTTTTTTTTTTTTTTTTTTTTTTTTTTTTTTTTTTTTTT------|-----------TTTTTTTTT----TTTTTTTT------,-,,-,--,,-----------TTTTTTTTTTTTTTTTTTTT--^^^^^^^^^^^SSSSSSSSSSS^^^^^^^^^^^^^^^^^^^^^^^^-----TTT]],
[[-TTTTTTTTTTTTTTTTTTTTTTTTTTTTTTTTTTTTTTTTTTTTTTTTTT-----------|----------------------TTTTTTTTTTTTTTT--------------TTTTTTTTTTTTTTTTTTTTTTTTTTT--^^^^^^^^SSSSSSS^^^^^^^^^^^^^^^^^^^^^^^^^^^^^----TTTTTTT]],
[[--TTTTTTTTTTTTTTTTTTTTTTTTTTTTTTTTTTTTTTTTTTTTT---------------|--------------------TTTTTTTTTTTTTTTTTTTTTTTTTTTTTTTTTTTTTTTTTTTTTTTTTTTTTTTTTT-^^^^^^^^SSSSSS^^^^^^^^^^^^^^^^^^^^^^^^^^------TTTTTTTTTT]],
[[-TTTTTTTTTTTTTTTTTTTTTTTTTTTTTTTTTTTTTTTTTTTT-----------------|------------------TTTTTTTTTTTTTTTTTTTTTTTTTTTTTTTTTTTTTTTTTTTTTTTTTTTTTTTTTTTT-^^^^^^^^^^^^^^^^^^^^^^^^^^^^d^^^^^-------TTTTTTTTTTTTTTT]],
[[TTTTTTTTTTTTTTTTTTTTTTTTTTTTTTTTTTTTTTTTTTTTT-----------------|-------------------TTTTTTTTTTTTTTTTTTTTTTTTTTTTTTTTTTTTTTTTTTTTTTTTTTTTTTTTTTT--^^^^^^^^^^^^^^^^^^^^^^^^^^^W^^^^^^---TTTTTTTTTTTTTTTTTT]],
[[TTTTTTTTTTTTTTTTTTTTTTTTTTTTTTTTTTTTTTTTTTTT-----------------g|g-------------------TTTTTTTTTTTTTTTTTTTTTTTTTTTTTTTTTTTTTTTTTTTTTTTTTTTTTTTTTTT----^^^^^^^^^^^^^^^^^^^^^^^WW^^^S^^^^--TTTTTTTTTTTTTTTTT]],
[[TTTTTTTTTTTTTTTTTTTTTTTTTTTTTTTTTTTTTTTTTTTT-----------------gfg--------------------TTTTTTTTTTTTTTTTTTTTTTTTTTTTTTTTTTTTTTTTTTTTTTTTTTTTTTTTTTTTT--^^^^^^^^^^^^^^^^^^WWWWW^^^SSS^^^^-TTTTTTTTTTTTTTTTT]],
[[TTTTTTTT---------------TTTTTTTTTTTTTTTTTTTTT-----------------ggg--------------------TTTTTTTTTTTTTTTTTTTTTTTTTTTTTTTTTTTTTTTTTTTTTTTTTTTTTTTTTTTT-----^^^^^^^^TTTTTWWWWTTT^^^^^^^^^^--TTTTTTTTTTTTTTTTT]],
[[TTTTTTTT---##-----##---TTTTTTTTTTTTTTTTTTTTTT---------------------------------------TTTTTTTTTTTTTTTTTTTTTTTTTTTTTTTTTTTTTTTTTTTTTTTTTTT----------VVVVVVVVVTTTWWWWWWTTTT^^^^^^^^^^---TTTTTTTTTTTTTTTTTT]],
[[TTTTTTTT---##-#-#-##---TTTTTTTTTTTTTTTTTTTTTT--------------------------------------TTTTTTTTTTTTTTTTTTTTTTTTTTTTTTTTTTTTTTTTTTT----------VVVVVVVVVVWWWWWWWWWWWWTTTTTT^^^^^^^^^-----TTTTTTTTTTTTTTTTTTTT]],
[[TTTTTTTT----#######----TTTTTTTTTTTTTTTTTTTTTT------------------------------------TTTTTTTTTTTTTTTTTTT-----------TTTTTTTTTTT-----VVVVVVVVVVWWWWWWWWWWVVVVVVTTTTTT^^^^^^^^^^-----TTTTTTTTTTTTTTTTTTTTTTTT]],
[[TTTTTTTT----#######----TTTTTTTTTTTTTTTTTTTTTTT-------------------------------TTTTTTTTTTTTTTTTTTTTTT-------------TTTTTT-----VVVVVWWWWWWWWWWVVVVVVVVVV--^^^^^^^^^^^---------TTTTTTTTTTTTTTTTTTTTTTTTTTTT]],
[[TTTTTTTT----###r###----TTTTTTTTTTTTTTTTTTTTTTTTTTT--------------------------TTTTTTTTTTTTTTTTTTTTTT---------------TTT---VVVVVWWWWWVVVVVVVVVV------^^^^^^^^^^^--------TTTTTTTTTTTTTTTTTTTTTTTTTTTTTTTTTT]],
[[TTTTTTTT-------O-------TTTTTTTTTTTTTTTTTTTTTTTTTTTTTTT-----------------TTTTTTTTTTTTTTTTTTTTTTTTTTT---------------TTT-VVVWWWWWVVVVV-----------^^^^^^^^^^^^^^^^^^^^^^--------TTTTTTTTTTTTTTTTTTTTTTTTTTT]],
[[TTTTTTTTTTTTTT-O-TTTTTTTTTTTTTTTTTTTTTTTTTTTTTTTTTTTTTTTTTTTTTTTTTTTTTTTTTTTTTTTTTTTTTTTTTTTTTTTTT------###------TT--VWWWVVVVV------------^^^^^^^^^-----------^^^^^^^^^^^^-----TTTTTTTTTTTTTTTTTTTTTTT]],
[[TTTTTTTTTTTTTT-O-TTTTTTTTTTTTTTTTTTTTTTTTTTTTTTTTTTTTTTTTTTTTTTTTTTTTTTTTTTTTTTTTTTTTTTTTTTTTTTTTT-----#####-----TT-VVWVVV----------^^^^^^^^^^^^^^--TTTTT--TT----^^^^^^^^^^^^^-TTTTTTTTTTTTTTTTTTTTTTT]],
[[TTTTTTTTTTTTTT-O-TTTTTTTTTTTTTTTTTTTTTTTTTTTTTTTTTTTTTTTTTTTTTTTTTTTTTTTTTTTTTTTTTTTTTTTTTTTTTTTTT-----#####-----TT-VWWV--------^^^^^^^^^^^^^^^----TTT-T-TT-TTTT---^^^^^^^^^---TTTTTTTTTTTTTTTTTTTTTTT]],
[[TTTTTTTTTTTTTT-O-TTTTTTTTTTTTTTTTTTTTTTTTTTTTTTTTTTTTTTTTTTTTTTTTTTTTTTTTTTTTTTTTTTTTTTTTTTTTTTTTT-----##p##-----TT-VWWV---^^^^^^^^^^^^^^^^^^^^^^^-TeTT-TT-T-T-T-T---^^W^^---TTTTTTTTTTTTTTTTTTTTTTTTT]],
[[TTTTTTTTTTTTTT-O-TTTTTTTTTTTTTTTTTTTTTTTTTTTTTTTTTTTTTTTTTTTTTTTTTTTTTTTTTTTTTTTTTTTTTTTTTTTTTTTTT------#O#------TT-VWWV--^^^^^^^^^^^^^^^^^^^^-----T-T-T-TTTT-T--T---^^W^^^------TTTTTTTTTTTTTTTTTTTTT]],
[[TTTTTTTTTTTTTT-O-TTTTTTTTTTTTTTTTTTTTTTTTTTTTTTTTTTTTTTTTTTTTTTTTTTTTTTTTTTTTTTTTTTTTTTTTTTTTTTTTT-------O-------TT-VWWV-----^^^^^^^^^^^^^^----TTTTTTTTTT-TTT------^^^^W^^^^^^^^---TTTTTTTTTTTTTTTTTTT]],
[[TTTTTTTTTTTTTT-O-TTTTTTTTTTTTTTTTTTTTTTTTTTTTTTTTTTTTTTTTTTTTTTTTTTTTTTTTTTTTTTTTTTTTTTTTTTTTTTTTT-------O-------TT-VWWV--T--T-^^^^^^^^^--T-T-TT-T-T-TT-TT----^^^^^^^^^W^^^^^^^^^^-TTTTTTTTTTTTTTTTTTT]],
[[TTTTTTTTTTTTTT-O-TTTTTTTTTTTTTTTTTTTTTTTTTTTTTTTTTTTTTTTTTTTTTTTTTTTTTTTTTTTTTTTTTTTTTTTTTTTTTTTTT-------O-------T--VWWVV--T-------------T-T-TTT-T-TT------^^^^^^^^^^^^W^^^^^^^^^--TTTTTTTTTTTTTTTTTTT]],
[[TTTTTTTTTTTTTT-O-TTTTTTTTTTTTTTTTTTTTTTTTTTTTTTTTTTTTTTTTTTTTTTTTTTTTTTTTTTTTTTTTTTTTTTTTTTTTTTTTT---ccc-O-ccc---T--VWWWV----T--T--T-T------TT-TTTT---VVVVVVV^^^^^^^^^W^^^^^^^^---TTTTTTTTTTTTTTTTTTTT]],
[[TTTTTTTTTTTTTT-O-TTTTTTTTTTTTTTTTTTTTTTTTTTTTTTTTTTTTTTTTTTTTTTTTTTTTTTTTTTTTTTTTTTTTTTTTTTTTTTTTT---c-c-O-c-c---T--VVWWV--T----T---T-----T--TTT-T--VVVWWWWWWWWWWWWWWW^^^^^^^---TTTTTTTTTTTTTTTTTTTTTT]],
[[TTTTTTTTTTTTTT-O-TTTTTTTTTTTTTTTTTTTTTTTTTTTTTTTTTTTTTTTTTTTTTTTTTTTTTTTTTTTTTTTTTTTTTTTTTTTTTTTTT---ccc-O-ccc---T---VWWVV----T---T----T----T-T-T--VVWWWVVVVV^^^^^^^^^^^^^^--------TTTTTTTTTTTTTTTTTTT]],
[[TTTTTTTTTTTTTT-O----TTTTTTTTTTTTTTTTTTTTTTTTTTTTTTTTTTTTTTTTTTTTTTTTTTTTTTTTTTTTTTTTTTTTTTTTTTTT---------O-------T---VWWWV--T---T-----T---T---TT--VVWWVVV--^^^^^^^^^^^^^^^----^^^^--TTTTTTTTTTTTTTTTT-]],
[[TTTTTTTTTTTTTT-OOOOOOOOOOOOOOOOOOOOOOOOOOOOOOOOOOOOOOOOOOOOOOOOOOOOOOOOOOOOOOOOOOOOOOOOOOOOOOOOOOOOOOOOOOO-------T---VVWWV----------T------T-TT--VVWWVV-^^^^^^^^^^^^^^^^^^^^^^^^^^^--TTTTTTTTTTTTTTTT-]],
[[TTTTTTTTTTTTTT-O---TTTTTTTTTTTTTTTTTTTTTTTTTTTTTTTTTTTTTTTTTTTTTTTTTTTTTTTTTTTTTTTTTTTTTTTTTTTT------------------T----VWWVV--TT---TT--TT--TT-T--VVWWVV-^^^^^^^^^^^^SSSSS^^^^^^^^^^^^-TTTTTTTTTTTTTTTT-]],
[[TTTTTTTTTTTTTT-O--TTTTTTTTTTTTTTTTTTTTTTTTTTTTTTTTTTTTTTTTTTTTTTTTTTTTTTTTTTTTTTTTTTTTTTTTTTTTTTTT--------------------VWWWVV---TTT-TTT--T-T----VVWWVV--T^^^^^^^^SSSSSSSSS^^^^^^^^^^^-TTTTTTTTTTTTTTT--]],
[[TTTTTTTTTTTTTT-O-TTTTTTTTTTTTTTTTTTTTTTTTTTTTTTTTTTTTTTTTTTTTTTTTTTTTTTTTTTTTTTTTTTTTTTTTTTTTTTTTTTTTTTT--------------VVWWWVVV----------TT----VVWWWV--TT-^^^^^^^SSSSSSSS^^^^^^^^^^---TTTTTTTTTTTTTTT--]],
[[TTTTTTTTTTTTTT-O-TTTTTTTTTTTTTTTTTTTTTTTTTTTTTTTTTTTTTTTTTTTTTTTTTTTTTTTTTTTTTTTTTTTTTTTTTTTTTTTTTTTTTTTTTTT-----------VVWWWWVVVVV-----------VVWWWVV-TTT---^^SSSSSSSS^^^^^^^^^^^---TTTTTTTTTTTTTTTT---]],
[[TTTTTTTTTTTTTT-O-TTTTTTTTTTTTTTTTTTTTTTTTTTTTTTTTTTTTTTTTTTTTTTTTTTTTTTTTTTTTTTTTTTTTTTTTTTTTTTTTTTTTTTTTTTTTTT---------VVWWWWWWWVVVVVVV----VVWWWVV--TT---^^^SSSS^^^^^^^^^^^^----TTTTTTTTTTTTTTTTTTT--]],
[[TTTTTTTTTTTTTT-O-TTTTTTTTTTTTTTTTTTTTTTTTTTTTTTTTTTTTTTTTTTTTTTTTTTTTTTTTTTTTTTTTTTTTTTTTTTTTTTTTTTTTTTTTTTTTTTTTTTTT----VVVWWWWWWWWWWWVVVVVVWWWWV--TT--^^^^SStSS^^^^^^-^^^^--TTTTTTTTTTTTTTTTTTTTTT--]],
[[--TTTTTTTTTTTT-O-TTTTTTTTTTTTTTTTTTTTTTTTTTTTTTTTTTTTTTTTTTTTTTTTTTTTTTTTTTTTTTTTTTTTTTTTTTTTTTTTTTTTTTTTTTTTTTTTTTTTTTT---VVVVWWWVVVWWWWWWWWWWWVV-TTT-^^^^^SS--^^^^^^^^^^^^^--TTTTTTTTTTTTTTTTTTTTT--]],
[[---------TTTTT-O-TTTTTTTTTTTTTTTTTTTTTTTTTTTTTTTTTTTTTTTTTTTTTTTTTTTTTTTTTTTTTTTTTTTTTTTTTTTTTTTTTTTTTTTTTTTTTTTTTTTTTTTTT----VVVVV-VVWWWWWWWWWWVV-TTT--^^^^^^^--^^^^^^^^^----TTTTTTTTTTTTTTTTTTTTT---]],
[[VVVVVVVV----T--O--TTTTTTTTTTTTTTTTTTTTTTTTTTTTTTTTTTTTTTTTTTTTTTTTTTTTTTTTTTTTTTTTTTTTTTTTTTTTTTTTTTTTTTTTTTTTTTTTTTTTTTTTTTT--------VVVWWWWWWWWWV--TTT---^^^^^^--^^^^^--------TTTTTTTTTTTTTTTTTTT-T--]],
[[WWWWWWWVVVV---#h#------TTTTTTTTTTTTTTTTTTTTTTTTTTTTTTTTTTTTTTTTTTTTTTTTTTTTTTTTTTTTTTTTTTTTTTTTTTTTTTTTTTTTTTTTTTTTTTTTTTTTTTTT-----VVVWWWWWWWWWWVV--TTTT----^^^^---^^------TTTTTTTTTTTTTTTTTTTTT-----]],
[[WWWWWWWWWWVVVV#h#VVVVV---TTTTTTTTTTTTTTTTTTTTTTTTTTTTTTTTTTTTTTTTTTTTTTTTTTTTTTTTTTTTTTTTTTTTTTTTTTTTTTTTTTTTTTTTTTTTTTTTT------VVVVVWWWWWWWWWWWWWVV-TTTTTTT--^^------TTTTTTTTTTTTTTTTTTTTTT----T-----]],
[[WWWWWWWWWWWWW##h##WWWVVV---TTTTTTTTTTTTTTTTTTT-----------------------------------------------------------------------------VVVVVVWWWWWWWWWWWWWWWWWWV--TTTTTTTT--------------TTTTTTTTTTTT-T---T--------]],
[[VVVWWWWWWWWWW##h##WWWWWVVV--TTTTTTTTTTTTTTTTT--VVVVVVVVVVVVVVVVVVVVVVVVVVVVVVVVVVVVVVVVVVVVVVVVVVVVVVVVVVVVVVVVVVVVVVVVVVVVVWWWWWWWWWWWWWWWWWWWWWWWVV-TTTTTTTTTTTTT----T------T-TTTTT-T-T--T----------]],
[[--VVVVVWWWWWW##h##WWWWWWWVV-------TTTTTTTTTT--VVWWWWWWWWWWWWWWWWWWWWWWWWWWWWWWWWWWWWWWWWWWWWWWWWWWWWWWWWWWWWWWWWWWWWWWWWWWWWWWWWWWWWWWWWWWWWWWWWWWWWV-TTTTTTTTTTT-TT-T------TT----T-----------T-------]],
[[------VVVVVVVV#h#VVVVWWWWWWVVVVVV-------TTT--VVWWWWWWWWWWWWWWWWWWWWWWWWWWWWWWWWWWWWWWWWWWWWWWWWWWWWWWWWWWWWWWWWWWWWWWWWWWWWWWWWWWWWWWWWWWWWWWWWWWWWWV-TTTTTTTTT-T---------T-----T---T-----------------]],
[[--TTT---------#h#---VVWWWWWWWWWWVVVVVVV-TTT-VVWWWWVVVVVVVVVVVVVVVVVVVVVVVVVVVVVVVVVVVVVVVVVVVVVVVVVVVVVVVVVVVVVVVVVVVVVVVVVVVVVVWWWWWWWWWWqWWWWWWWWWV-TTTTTTTT-T--------------------------------------]],
[[TTTTTTTTTTTTT-,O,-T--VWWWWWWWWWWWWWWWWV---T-VWWWVVV----------------------------------------------------------------------------VVWWWWWWWWWWWWWWWWWWVV-TTTTTTT--T-T------------------------------------]],
[[TTTTTTTTTTTTTT,O,TTT-VVWWWWWWWWWWWWWVVVVV---VWWVV---TTTTTTTTTTTTTTTTTTTTTTTTTTTTTTTTTTTTTTTTTTTTTTTTTTTTTTTTTTTTTTTTTTTTTTTTTT--VWWWWWWWWWWWWWWWWWVV--TTTTTTTT----------------------------------------]],
[[TTTTTTTTTTTTTT,O,T----VVVWWWWWWWWWWWWWWWVVVVWWWV--TTTTTTTTTTTTTTTTTTTTTTTTTTTTTTTTTTTTTTTTTTTTTTTTTTTTTTTTTTTTTTTTTTTTTTTTTTTTT-VWWWWWWWWWWWWWWWWWV--TTTTTTTT--T--------------------------------------]],
[[TTTTTTTTTTTTTT,O,T------VVVVWWWWWWWWWWWWWWWWWWVV-TTTTTTTTTTTTTTTTTTTTTTTTTTTTTTTTTTTTTTTTTTTTTTTTTTTTTTTTTTTTTTTTTTTTTTTTTTTTTT-VVWWWWWWWWWWWWWWWVV-TTTTTTTTT-----------------------------------------]],
[[TTTTTTTTTTTTTT,O,----------VVVWWWWWWWWWWWWWWWWV--TTTTTTTTTTTTTTTTTTTTTTTTTTTTTTTTTTTTTTTTTTTTTTTTTTTTTTTTTTTTTTTTTTTTTTTTTTTTTT--VVWWWWWWWWWWWWWVV--TTTTTTTT----,,,,,,,,,,,,,,,,,,,,,,,,,,,,,,,,,,,,,,]],
[[TTTTTTTTTTTTTT,O,TT------VVVWWWWWWWWWWWWWWWWWWWV--TTTTTTTTTTTTTTTTTTTTTTTTTTTTTTTTTTTTTTTTTTTTTTTTTTTTTTTTTTTTTTTTTTTTTTTTTTTTTT--VVVWWWWWWWWWVVV--TTTTTTTT--T-,,OOOOOOOOOOOOOOOOOOOOOOOOOOOOOOOOOOOOO]],
[[TTTTTTTTTTTTTT,O,T-T--VVVVWWWWWWWWWWWWWWWWWWWWWVV-TTTTTTTTTTTTTTTTTTTTTTTTTTTTTTTTTTTTTTTTTTTTTTTTTTTTTTTTTTTTTTTTTTTTTTTTTTTTTTT---VVVVVWWWVVV---TTTTTTTTTT---,O,,,,,,,,,,,,,,,,,,,,,,,,,,,,,,,,,,,,,]],
[[TTTTTTTTTTTTTT,O,TTT--VWWWWWWWWWWWWWWWWWWWWWWWWWVV-----TTTTTTTTTTTTTTTTTTTTTTTTTTTTTTTTTTTTTTTTTTTTTTTTTTTTTTTTTTTTTTTTTTTTTTTTTTTT-----VVVVV---TTTTTTTTT-T----,O,------------------------------------]],
[[TTTTTTTTTTTTTT,O,TTT--VVWWWWWWWWWWWWWWWWWWWWWWWWWVVVVV-----TTTTTTTTTTTTTTTTTTTTTTTTTTTTTTTTTTTTTTTTTTTTTTTTTTTTTTTTTTTTTTTTTTTTTTTTTTTT-------TTTTTTTTTTTTT-T--,O,-TT---TTTT---------T--T----T-T---T--]],
[[TTTTTTTTTTTTTT,O,TTT---VVWWWWWWWWWWWWWWWWWWWWWWWWWWWWVVVVV--TTTTTTTTTTTTTTTTTTTTTTTTTTTTTTTTTTTTTTTTTTTTTTTTTTTTTTTTTTTTTTTTTTTTTTTTTTTTTTTTTTTTTTTTTTTTTTT----,O,-TTTTTTTTTTTTTTTTTTT-TTT-T-----TT---]],
[[TTTTTTTTTTTTT-,O,-------VWWWWWWWWWWWWWWWWWWWWWWWWWWWWWWWWVV----T-T-TTTTTTTTTTTTTTTTTTTTTTTTTTTTTTTTTTTTTTTTTTTTTTTTTTTTTTTTTTTTTTTTTTTTTTTTTTTTTTTTTTTTTTT-----,O,--TTTTTTTTTTTTTTTTTTTTTTTTTTTTTTTTTT]],
}
