-- Dragonball T: Planet Namek, Northwest Quadrant

map.define("nameknw.map")

map.symbol{ symbol=',' feat=FEAT_AJASA info=3 }
map.symbol{ symbol='-' feat=FEAT_NAMEK_GRASS info=3 }
map.symbol{ symbol='.' feat=FEAT_NAMEK_GROUND info=3 }
map.symbol{ symbol='^' feat=FEAT_NAMEK_MOUNTAIN info=3 }
map.symbol{ symbol='W' feat=FEAT_NAMEK_WATER info=3 }
map.symbol{ symbol='#' feat=FEAT_BUILDING info=6 }

map.symbol{ symbol='!' feat=FEAT_NAMEK_EMPTY_WELL info=6 }
map.symbol{ symbol='@' feat=FEAT_NAMEK_WELL info=6 }

map.symbol{ symbol='1' feat=FEAT_MORE info=3 dungeon=DUNGEON_NAMEK_ELDER1 }
map.symbol{ symbol='2' feat=FEAT_MORE info=3 dungeon=DUNGEON_NAMEK_ELDER2 }
map.symbol{ symbol='3' feat=FEAT_MORE info=3 dungeon=DUNGEON_NAMEK_ELDER3 }

map.map
{
[[WWWWWWWWWWWWWWWWWWWWWWWWWWWWWWWWWWWWWWWWWWWWWWWWWWWWWWWWWWWWWWWWWWWWWWWWWWWWWWWWWWWWWWWWWWWWWWWWWWWWWWWWWWWWWWWWWWWWWWWWWWWWWWWWWWWWWWWWWWWWWWWWWWWWWWWWWWWWWWWWWWWWWWWWWWWWWWWWWWWWWWWWWWWWWWWWWWWWWW]],
[[WWWWWWWWWWWWWWWWWWWWWWWWWWWWWWWWWWWWWWWWWWWWWWWWWWWWWWWWWWWWWWWWWWWWWWWWWWWWWWWWWWWWWWWWWWWWWWWWWWWWWWWWWWWWWWWWWWWWWWWWWWWWWWWWWWWWWWWWWWWWWWWWWWWWWWWWWWWWWWWWWWWWWWWWWWWWWWWWWWWWWWWWWWWWWWWWWWWWWW]],
[[WWWWWWWWWWWWWWWWWWWWWWWWWWWWWWWWWWWWWWWWWWWWWWWWWWWWWWWWWWWWWWWWWWWWWWWWWWWWWWWWWWWWWWWWWWWWWWWWWWWWWWWWWWWWWWWWWWWWWWWWWWWWWWWWWWWWWWWWWWWWWWWWWWWWWWWWWWWWWWWWWWWWWWWWWWWWWWWWWWWWWWWWWWWWWWWWWWWWWW]],
[[WWWWWWWWWWWWWWWWWWWWWWWWWWWWWWWWWWWWWWWWWWWWWWWWWWWWWWWWWWWWWWWWWWWWWWWWWWWWWWWWWWWWWWWWWWWWWWWWWWWWWWWWWWWWWWWWWWWWWWWWWWWWWWWWWWWWWWWWWWWWWWWWWWWWWWWWWWWWWWWWWWWWWWWWWWWWWWWWWWWWWWWWWWWWWWWWWWWWWW]],
[[WWWWWWWWWWWWWWWWWWWWWWWWWWWWWWWWWWWWWWWWWWWWWWWWWWWWWWWWWWWWWWWWWWWWWWWWWWWWWWWWWWWWWWWWWWWWWWWWWWWWWWWWWWWWWWWWWWWWWWWWWWWWWWWWWWWWWWWWWWWWWWWWWWWWWWWWWWWWWWWWWW,,,,WWWWWWWWWWWWWWWWWWWWWWWWWWWWWWWW]],
[[WWWWWWWWWWWWWWWWWWWWWWWWWWWWWWWWWWWWWWWWWWWWWWWWWWWWWWWWWWWWWWWWWWWWWWWWWWWWWWWWWWWWWWWWWWWWWWWWWWWWWWWWWWWWWWWWWWWWWWWWWWWWWWWWWWWWWWWWWWW,,,,,WWWWWWWWWWWWWWWWWWW,,,,,,WWWWWWWWWWWWWWWWWWWWWWWWWWWWW]],
[[WWWWWWWWWWWWWWWWWWWWWWWWWWWWWWWWWWWWWWWWWWWWWWWWWWWWWWWWWWWWWWWWWWWWWWWWWWWWWWWWWWWWWWWWWWWWWWWWWWWWWWWWWWWWWWWWWWWWWWWWWWWWWWWWWWWWWWW,,,,,,,,,,,,WWWWWWWWWWWWWWWWW,,,,,,,,WWWWWWWWWWWWWWWWWWWWWWWWWW]],
[[WWWWWWWWWWWWWWWWWWWWWWWWWWWWWWWWWWWWWWWWWWWWWWWWWWWWWWWWWWWWWWWWWWWWWWWWWWWWWWWWWWWWWWWWWWWWWWWWWWWWWWWWWWWWWWWWWWWWWWWWWWWWWWWWWW,,,,,,,,,,,,,,-,,,,,,,,,,,,,,,,,,,,,,,,,-,,,,,WWWWWWWWWWWWWWWWWWWWWW]],
[[WWWWWWWWWWWWWWWWWWWWWWWWWWWWWWWWWWWWWWWWWWWWWWWWWWWWWWWWWWWWWWWWWWWWWWWWWWWWWWWWWWWWWWWWWWWWWWWWWWWWWWWWWWWWWWWWWWWWWWWWWWWW,,,,,,,-,,,,,,,-,,,,,,,,,,,,,,,,,,,,,,,,,,,,,,,,,,,,,,,,,WWWWWWWWWWWWWWWWW]],
[[WWWWWWWWWWWWWWWWWWWWWWWWWWWWWWWWWWWWWWWWWWWWWWWWWWWWWWWWWWWWWWWWWWWWWWWWWWWWWWWWWWWWWWWWWWWWWWWWWWWWWWWWWWWWWWWWWWWWWWWWWWW,,,,,,,,,,,,,,,,,,,,,,,,,,,,,,,,,-,,,,###,,,,,,,,,,,,,,,WWWWWWWWWWWWWWWWWWW]],
[[WWWWWWWWWWWWWWWWWWWWWWWWWWWWWWWWWWWWWWWWWWWWWW----WWWWWWWWWWWWWWWWWWWWWWWWWWWWWWWWWWWWWWWWWWWWWWWWWWWWWWWWWWWWWWWWWWWWWWWWWWW,,,,,,,-,,,,,,,,,,,,,,,,##,,,,,,----###,,-,,,,,,,,,,,,WWWWWWWWWWWWWWWWWWW]],
[[WWWWWWWWWWWWWWWWWWWWWWWWWWWWWWWWWWWW--------------------WWWWWWWWWWWWWWWWWWWWWWWWWWWWWWWWWWWWWWWWWWWWWWWWWWWWWWWWWWWWWWWWWWWWWWWWWWW,,,,,,,,,,,,,,,,,####,,,---,,,###,,,,,,,,-,,,,,,,WWWWWWWWWWWWWWWWWW]],
[[WWWWWWWWWWWWWWWWWWWWWWWWWWW----------------------------------WWWWWWWWWWWWWWWWWWWWWWWWWWWWWWWWWWWWWWWWWWWWWWWWWWWWWWWWWWWWWWWWWWWWWWWWW,,,,,,,,,-,,,,##2-------,,,,,,,,,,,,,,,,,,,,,,,,WWWWWWWWWWWWWWWW]],
[[WWWWWWWWWWWWWWWWWWWWWWWW-------------------------------------------WWWWWWWWWWWWWWWWWWWWWWWWWWWWWWWW---WWWWWWWWWWWWWWWWWWWWWWWWWWWWWWWWWWWW,,,,,,,,,,####,,,---,,,###,,,,-,,,,,,,,,,-,,,WWWWWWWWWWWWWWW]],
[[WWWWWWWWWWWWWWWWW-------------------------------------------------WWWWWWWWWWWWWWWWWWWWWWWWWWWWWWW--,,,--WWWWWWWWWWWWWWWWWWWWWWWWWWWWWWWWWWWW,,,,,,,,,##,,,,,,----###,,,,,,,,,,,,,,,,,,,,,WWWWWWWWWWWWW]],
[[WWWWWWWWWWWWWWWW--------------------------------------------------WWWWWWWWWWWWWWWWWWWWWWWWWWWWWWWW-,,,,--WWWWWWWWWWWWWWWWWWWWWWWWWWWWWWWWWWWWW,,,-,,,,,,,,,,,-,,,###,,,,,,,,,,,,,,,,,,,,,WWWWWWWWWWWWW]],
[[WWWWWWWWWWWWWWWW--------------------------###--------------------WWWWWWWWWWWWWWWWWWWWWWWWWWWWWWWWWW--,,,-WWWWWWWWWWWWWWWWWWWWWWWWWWWWWWWWWWWWWWW,,,,,,,,,,,-,-,,,,,,,,,,,-,,,,,,,,,,,,,,,,,WWWWWWWWWWW]],
[[WWWWWWWWWWWWWWWWW------------------------##3##------------------WWWWWWWWWWWWWWWWWWWWWWWWWWWWWWWWWWWWW--,,-WWWWWWWWWWWWWWWWWWWWWWWWWWWWWWWWWWWWWWWWWWWWW,,,,,,-,,,,,-,,,,,,,,,,,WWWWWWWWWWWWWWWWWWWWWWW]],
[[WWWWWWWWWWWWWWWWWWW-----------------------#-#-------------------WWWWWWWWWWWWWWWWWWWWWWWWWWWWWWWWWWWWWWW--WWWWWWWWWWWWWWWWWWWWWWWWWWWWWWWWWWWWWWWWWWWWWWWWWWW,-,-,,,,,,,,,,,,,,WWWWWWWWWWWWWWWWWWWWWWWW]],
[[WWWWWWWWWWWWWWWWWWWWWWWWW-------------------------------------------WWWWWWWWWWWWWWWWWWWWWWWWWWWWWWWWWWWWWWWWWWWWWWWWWWWWWWWWWWWWWWWWWWWWWWWWWWWWWWWWWWWWWW--,-,,,-,,,,WWWWWWWWWWWWWWWWWWWWWWWWWWWWWWWW]],
[[WWWWWWWWWWWWWWWWWWWWWWWWWWW------------------------------------------------WWWWWWWWWWWWWWWWWWWWWWWWWWWWWWWWWWWWWWWWWWWWWWWWWWWWWWWWWWWWWWWWWWWWWWWWWWWW----,--,,-,,WWWWWWWWWWWWWWWWWWWWW--WWWWWWWWWWWW]],
[[WWWWWWWWWWWWWWWWWWWWWWWWWWWWWWW-------------------@----------------------------WWWWWWWWWWWWWWWWWWWWWWWWWWWWWWWWWWWWWWWWWWWWWWWWWWWWWWWWWWWWWWWWWWWW-----,,-------------WWWWWWWWWWWWWWWW-,,-WWWWWWWWWWW]],
[[WWWWWWWWWWWWWWWWWWWWWWWWWWWWWWWW-----------------------------------------WWWWWWWWWWWWWWWWWWWWWWWWWWWWWWWWWWWWWWWWWWWWWWWWWWWWWWWWWWWWWWWWWWW------------,--,---,----WWWWWWWWWWWWWWWWWW-,,,-WWWWWWWWWWW]],
[[WWWWWWWWWWWWWWWWWWWWWWWWWWWWWWWWWWWWWW------------------------------WWWWWWWWWWWWWWWWWWWWWWWWWWWWWWWWWWWWWWWWWWWWWWWWWWWWWWWWWWWWWWWWWWW--------,----,-,---------,--,------WWWWWWWWWWWW-,,-WWWWWWWWWWWW]],
[[WWWWWWWWWWWWWWWWWWWWWWWWWWWWWWWWWWWWWWW-------------------------------WWWWWWWWWWWWWWWWWWWWWWWWWWWWWWWWWWWWWWWWWWWWWWWWWWWWWWWWWWWWWW---------------,----,--,-------,---,--WWWWWWWWWWWWW--WWWWWWWWWWWWW]],
[[WWWWWWWWWWWWWWWWWWWWWWWWWWWWWWWWWWWWWWWWWWW----------WWWWWW-----WWWWWWWWWWWWWWWWWWWWWWWWWWWWWWWWWWWWWWWWWWWWWWWWWWWWWWWWWWWWWWW-------------,--------------------,----------WWWWWWWWWWWWWWWWWWWWWWWWWW]],
[[WWWWWWWWWWWWWWWWWWWWWWWWWWWWWWWWWWWWWWWWW--------WWWWWWWWWWWWW--WWWWWWWWWWWWWWWWWWWWWWWWWWWWWWWWWWWWWWWWWWWWWWWWWWWWWWW----------------------------------------------,--,-,----WWWWWWWWWWWWWWWWWWWWWWW]],
[[WWWWWWWWWWWWWWWWWWWWWWWWWWWWWWWWWWWWW----------WWWWWWWWWWWWWWWWWWWWWWWWWWWWWWWWWWWWWWWWWWWWWWWWWWWWWWWWWWWWWWWWWW--------------------------WWWWWWWWWWWWWWWWWWW---------,,--,----WWWWWWWWWWWWWWWWWWWWWW]],
[[WWWWWWWWWWWWWWWWWWWWWWWWWWWWWWW---------------WWWWWWWWWWWWWWWWWWWWWWWWWWWWWWWWWWWWWWWWWWWWWWWWWWWWWWWWWWWWWWW------------------------WWWWWWWWWWWWWWWWWWWWWWWWWWWWWW------,---,---WWWWWWWWWWWWWWWWWWWWW]],
[[WWWWWWWWWWWWWWWWWWWWWWWWWWWWWWWWWW--------WWWWWWWWWWWWWWWWWWWWWWWWWWWWWWWWWWWWWWWWWWWWWWWWWWWWWWWWWWWWWWWWWWWWW------------------WWWWWWWWWWWWWWWWWWWWWWWWWWWWWWWWWWWWW---------WWWWWWWWWWWWWWWWWWWWWWW]],
[[WWWWWWWWWWWWWWWWWWWWWWWWWWWWWWWWWWWWWWWWWWWWWWWWWWWWWWWWWWWWWWWWWWWWWWWWWWWWWWWWW-------WWWWWWWWWWWWWWWWWWWWWWWWWW---------------------WWWWWWWWWWWWWWWWWWWWWWWWWWWWWWWWWWWWWWWWWWWWWWWWWWWWWWWWWWWWWWW]],
[[WWWWWWWWWWWWWWWWWWWWWWWWWWWWWWWWWWWWWWWWWWWWWWWWWWWWWWWWWWWWWWWWWWWWWWWWWWW------,,----------WWWWWWWWWWWWWWWWWWWWWW----------------------WWWWWWWWWWWWWWWWWWWWWWWWWWWWWWWWWWWWWWWWWWWWWWWWWWWWWWWWWWWWW]],
[[WWWWWWWWWWWWWWWWWWWWWWWWWWWWWWWWWWWWWWWWWWWWWWWWWWWWWWWWWWWWWWWWWWWWWWW----,,,-----WWWWWWWWWWWWWWWWWWWWWWWWWWWWWWWWW------------------------WWWWWWWWWWWWWWWWWWWWWW-------WWWWWWWWWWWWWWWWWWWWWWWWWWWWW]],
[[WWWWWWWWWWWW----WWWWWWWWWWWWWWWWWWWWWWWWWWWWWWWWWWWWWWWWWWWWWWWWWWWWWWWWWW----WWWWWWWWWWWWWWWWWWWWWWWWWWWWWWWWWWWWWW-----------------------------WWWWWWWWWWWWWWW--,,,,,,,------WWWWWWWWWWWWWWWWWWWWWWW]],
[[WWWWWWWWWW--,,,--WWWWWWWWWWWWWWWWWWWWWWWWWWWWWWWWWWWWWWWWWWWWWWWWWWWWWWWWWWWWWWWWWWWWWWWWWWWWWWWWWWWWWWWWWWWWWWWW-----------,,,,--------------------WWWWWWWWWWWW--,,,,,,,,,-WWWWWWWWWWWWWWWWWWWWWWWWWW]],
[[WWWWWWWWWWW---,-WWWWWWWWWWWWWWWWWWWWWWWWWWWWWWWWWWWWWWWWWWWWWWWWWWWWWWWWWWWWWWWWWWWWWWWWWWWWWWWWWWWWWWWWWWW-----------------,,,,---------WWWWWWWW-----WWWWWWWWWWW--,,,,,,,----WWWWWWWWWWWWWWWWWWWWWWWW]],
[[WWWWWWWWWWWWWW-WWWWWWWWWWWWWWWWWWWWWWWWWWWWWWWWWWWWWWWWWWWWWWWWWWWWWWWWWWWWWWWWWWWWWWWWWWWWWWWWWWWWWWW----------------------,,,,-----------WWWWWWWWW---WWWWWWWWWWWW-------WWWWWWWWWWWWW--WWWWWWWWWWWWW]],
[[WWWWWWWWWWWWWWWWWWWWWWWWWWWWWWWWWWWWWWWWWWWWWWWWWWWWWWWWWWWWWWWWWWWWWWWWWWWWWWWWWWWWWWWWWWWWW------------------------------------------------WWWWWWWWWWWWWWWWWWWWWWWWWWWWWWWWWWWWWWWWWWW---WWWWWWWWWWW]],
[[WWWWWWWWWWWWWWWWWWWWWWWWWWWWWWWWWWWWWWWWWWWWWWWWWWWWWWWWWWWWWWWWWWWWWWWWWWWWWWWWWWWWWW-----------------------------------------------------------WWWWWWWWWWWWWWWWWWWWWWWWWWWWWWWWWWWWWWWWWWWWWWWWWWWWW]],
[[WWWWWWWWWWWWWWWWWWWWWWWWWWWWWWWWWWWWWWWWWWWWWWWWWW------------------------------------------------------------------------------------------------WWWWWWWWWWWWWWWWWWWWWWWWWWWWWWWWWWWWWWWWWWWWWWWWWWWW]],
[[WWWWWWWWWWWWWWWWWWWWWWWWWWWWWWWWWWWWWWW---------------------------------------------------------------------------------------------------------------WWWWWWWWWWWWWWWWWWWWWWWWWWWWWWWWWWWWWWWWWWWWWWWW]],
[[WWWWWWWWWWWWWWWWWWWWWWWWWWWWWWW-------------------------------------------------------------------------------------------------------------------------WWWWWWWWWWWWWWWWWWWWWWWWWWWWWWWWWWWWWWWWWWWWWW]],
[[WWWWWWWWWWWWWWWWWWWWWWWWWWWWW----,,------------------------------------------------------------------------------###----------------###--------------------WWWWWWWWWWWWWWWWWWWWWWWWWWWWWWWWWWWWWWWWWWW]],
[[WWWWWWWWWWWWWWWWWWWWWWWWWWWWW---,-------------------------,,,,,,,,,,---------------------------------------------###-------!--------###---------------------WWWWWWWWWWWWWWWW-,,-WWWWWWWWWWWWWWWWWWWWWW]],
[[WWWWWWWWWWWWWWWWWWWWWWWWWWWWWW----------------------------,,,,,,,,,,--------------------------,,,,,,,,,,,,,------###----------------###--------------------------WWWWWWWWWWWW--,-WWWWWWWWWWWWWWWWWWWWW]],
[[WWWWWWWWWWWWWWWWWWWWWWWWWWWWWW-----,----------------------,,,,,,,,,,--------------------------,,,,,,,,,,,,,-----------------------------------------------------WWWWWWWWWWWWWWW-,--WWWWWWWWWWWWWWWWWWW]],
[[WWWWWWWWWWWWWWWWWWWWWWWWWWWWWWWW--------------------------,,,,,,,,,,--------------------------,,,,,,,,,,,,,----------------------------------------------------WWWWWWWWWWWWWWWWW--WWWWWWWWWWWWWWWWWWWW]],
[[WWWWWWWWWWWWWWWWWWWWWWWWWWWWWWWWWWWW----------------------------------------------------------,,,,,,,,,,,,,---------------------------------------------------WWWWWWWWWWWWWWWWWWWWWWWWWWWWWWWWWWWWWWWW]],
[[WWWWWWWWWWWWWWWWWWWWWWWWWWWWWWWWWWWWWW--------------------------------------------------------,,,,,,,,,,,,,---------------------------------------------------WWWWWWWWWWWWWWWWWWWWWWWWWWWWWWWWWWWWWWWW]],
[[WWWWWWWWWWWWWWWWWWWWWWWW---WWWWWWWWWWWWWWWWW--------------------------------------------------,,,,,,,,,,,,,---------------#-#------------------------------------WWWWWWWWWWWWWWWWWWWWWWWWWWWWW---WWWWW]],
[[WWWWWWWWWWWWWWWWWWWWWWW-,,-WWWWWWWWWWWWWWWWWWWWWWWWWW-----------------------------------------,,,,,,,,,,,,,--------------##1##------------###-------,,,,,--------WWWWWWWWWWWWWWWWWWWWWWWWWWW-----WWWWW]],
[[WWWWWWWWWWWWWWWWWWWWWWWW--WWWWWWWWWWWWWWWWWWWWWWWWWWWWWWWWWWWWWWWWWW-----------------------------------------------------#####------------###-------,,,,,----------WWWWWWWWWWWWWWWWWWWWWWWWW---WWWWWWW]],
[[WWWWWWWWWWWWWWWWWWWWWWWWWWWWWWWWWWWWWWWWWWWWWWWWWWWWWWWWWWWWWWWWWWWWWWWWW------------------------------------------------#####------------###-------,,,,,----------WWWWWWWWWWWWWWWWWWWWWWWWWWWWWWWWWWW]],
[[WWWWWWWWWWWWWWWWWWWWWWWWWWWWWWWWWWWWWWWWWWWWWWWWWWWWWWWWWWWWWWWWWWWWWWWWWWW-----------------------------------------------###---------------------------------------------WWWWWWWWWWWWWWWWWWWWWWWWWWWW]],
[[WWWWWWWWWWWWWWWWWWWWWWWWWWWWWWWWWWWWWWWWWWWWWWWWWWWWWWWWWWWWWWWWWWWWWWWWWWWW------------------------------------------------------------------------------------------------WWWWWWWWWWWWWWWWWWWWWWWWWW]],
[[WWWWWWWWWWWWWWWWWWWWWWWWWWWWWWWWWWWWWW-WWWWWWWWWWWWWWWWWW--WWWWWWWWWWWWWWWWWW------------------------------###---------------------------------------------------------------WWWWWWWWWW-,-WWWWWWWWWWWW]],
[[WWWWWWWWWWWWWWWWWWWWWWWWWWWWWWWWWWWWWWWWWWWWWWWWWWWWWWWWWW-,-WWWWWWWWWWWWWWWW------------------------------###----------------------------------------------------------WWWWWWWWWWWWWW-,,,-WWWWWWWWWWW]],
[[WWWWWWWWWWWWWWWWWWWWWWWWWWWWWWWWWWWWWWWWWWWWWWWWWWWWWWWWWWW-,--WWWWWWWWWWWWWWW---,,,-----------------------###---------------------------------------------------------WWWWWWWWWWWWWWWW--WWWWWWWWWWWWW]],
[[WWWWWWWWWWWWWWWWWWWWWWWWWWWWWWWWWWWWWWWWWWWWWWWWWWWWWWWWWWWW-WWWWWWWWWWWWWWWWW----,,,-----------------------------------------###------------------------------------------WWWWWWWWWWWWWWWWWWWWWWWWWWW]],
[[WWWWWWWWWWWWWWWWWWWWWWWWWWWWWWWWWWWWWWWWWWWWWWWWWWWWWWWWWWWWWWWWWWWWWWWWWWWWWW-----,,,----------------------------------------###-------,,,,,--------------------------------WWWWWWWWWWWWWWWWWWWWWWWWW]],
[[WWWWWWWWWWWWWWWWWWWWWWWWWWWWWWWW-WWWWWWWWWWWWWWWWWWWWW--WWWWWWWWWWWWWWWWWWWWWWW------,,---------------------------------------###-------,,,,,------------------------------------WWWWWWWWWWWWWWWWWWWWW]],
[[WWWWWWWWWWWWWWWWWWWWWWWWWWWWWWWWWWWWWWWWWWWWWWWWWWWWWWW--WWWWWWWWWWWWWWWW-WWWWWWWW-------------------------,,,,,------------------------,,,,,-------------------------------------------WWWWWWWWWWWWWW]],
[[WWWWWWWWWWWWWWWWWWWWWWWWWWWWWWWWWWWWWWWWWWWWWWWWWWWWWWWWWWWWWWWWWWWWWWWWWWWWWWWWWWWWWW---------------------,,,,,--------------------------------------------------------------------,,------WWWWWWWWWW]],
[[WWWWWWWWWWWWWWWWWWWWWWWWWWWWWWWWWWWWWWWWWWWWWWWWWWWWWWWWWWWWWWWWWWWWWWWWWWWWWWWWWWWWWWWWWWWWW--------------,,,,,---------------------------------------------------------------------,,,,,-------WWWWW]],
[[WWWWWWWWWWWWWWWWWWWWWWWWWWWWWWWWWWWWWWWWWWWWWWWWWWWWWWWWWWWWWWWWWWWWWWWWWWWWWWWWWWWWWWWWWWWWWWWWWW--------------------------------------------------------------------------------------------WWWWWWWW]],
[[WWWWWWWWWWWWWWWWWWWWWWWWWWWWWWWWWWWWWWWWWWWWWWWWWWWWWWWWWWWWWWWWWWWWWWWWWWWWWWWWWWWWWWWWWWWWWWWW----------------------------------------------------------------------------WWWWWWWWWWWWWWWWWWWWWWWWWW]],
}

map.set_player(33, 90)
