-- Dragonball T: Planet Namek, Southeast Quadrant

map.define("namekse.map")

map.symbol{ symbol=',' feat=FEAT_AJASA info=3 }
map.symbol{ symbol='-' feat=FEAT_NAMEK_GRASS info=3 }
map.symbol{ symbol='.' feat=FEAT_NAMEK_GROUND info=3 }
map.symbol{ symbol='^' feat=FEAT_NAMEK_MOUNTAIN info=3 }
map.symbol{ symbol='W' feat=FEAT_NAMEK_WATER info=3 }
map.symbol{ symbol='#' feat=FEAT_BUILDING info=6 }

map.symbol{ symbol='@' feat=FEAT_NAMEK_WELL info=6 }

map.symbol{ symbol='6' feat=FEAT_MORE info=3 dungeon=DUNGEON_NAMEK_ELDER6 }
map.symbol{ symbol='7' feat=FEAT_MORE info=3 dungeon=DUNGEON_NAMEK_GREAT_ELDER }

map.map
{
[[WWWWWWWWWWWWWWWWWWWWWWWWWWWWWWWWWWWWWWWWWWWWWWWWWWWWWWWWWWWWWWWWWWWWWWWWWWWWWWWWWWWWWWWWWWWWWWWWWWWWWWWWWWWWWWWWWWWWWWWWWWWWWWWWWWWWWWWWWWWWWWWWWWWWWWWWWWWWWWWWWWWWWWWWWWWWWWWWWWWWWWWWWWWWWWWWWWWWWW]],
[[WWWWWWWWWWWWWWWWWWWWWWWWWWWWWWWWWWWWWWWWWWWWWWWWWWWWWWWWWWWWWWWWWWWWWWWWWWWWWWWWWWWWWWWWWWWWWWWWWWWWWWWWWWWWWWWWWWWWWWWWWWWWWWWWWWWWWWWWWWWWWWWWWWWWWWWWWWWWWWWWWWWWWWWWWWWWWWWWWWWWWWWWWWWWWWWWWWWWWW]],
[[WWWWWWWWWWWWWWWWWWWWWWWWWWWWWWWWWWWWWWWWWWWWWWWWWWWWWWWWWWWWWWWWWWWWWWWWWWWWWWWWWWWWWWWWWWWWWWWWWWWWWWWWWWWWWWWWWWWWWWWWWWWWWWWWWWWWWWWWWWWWWWWWWWWWWWWWWWWWWWWWWWWWWWWWWWWWWWWWWWWWWWWWWWWWWWWWWWWWWW]],
[[WWWWWWWWWWWWWWWWWWWWWWWWWWWWWWWWWWWWWWWWWWWWWWWWWWWWWWWWWWWWWWWWWWWWWWWWWWWWWWWWWWWWWWWWWWWWWWWWWWWWWWWWWWWWWWWWWWWWWWWWWWWWWWWWWWWWWWWWWWWWWWWWWWWWWWWWWWWWWWWWWWWWWWWWWWWWWWWWWWWWWWWWWWWWWWWWWWWWWW]],
[[WWWWWWWWWWWWWWWWWWWWWWWWWWWWWWWWWWWWWWWWWWWWWWWWWWWWWWWWWWWWWWWWWWWWWWWWWWWWWWWWWWWWWWWWWWWWWWWWWWWWWWWWWWWWWW--WWWWWWWWWWWWWWWWWWWWWWWWWWWWWWWWWWWWWWWWWWWWWWWWWWWWWWWWWWWWWWWWWWWWWWWWWWWWWWWWWWWWWW]],
[[WWWWWWWWWWWWWWWWWWWWWWWWWWWWWWWWWWWWWWWWWWW-WWWWWWWWWWWWWWWWWWWWWWWWWWWWWWWWWWWWWWWWWWWWWWWWWWWWWWWWWWWWWWWWWWW--WWWWWWWWWWWWWWWWWWWWWWWWWWWWWWWWWWWWWWWWWWWWWWWWWWWWWWWWWWWWWWWW-WWWWWWWWWWWWWWWWWWWW]],
[[WWWWWWWWWWWWWWWWWWWWWWWWWWWWWWWWWWWWWWWWWWWWWWWWWWWWWWWWWWWWWWWWWWWWWWWWWWWWWWWWWWWWWWWWWWWWWWWWWWWWWWWWWWWWWW--WWWWWWWWWWWWWWWWWWWWWWWWWWWWWWWWWWWWWWWWWWWWWWWWWWWWWWWWWWWWWWWWWWWWWWWWWWWWWWWWWWWWWW]],
[[WWWWWWWWWWWWWWWWWWW-WWWWWWWWWWWWWWWWWWWWWWWWWWWWWWWWWWWWWWWWWWWWWWWWWWWWWWWWWWWWWWWWWWWWWWWWWWWWWWWWWWWWWWWWWWWWWWWWWWWWWWWWWWWWWWWWWWWWWWWWWWWWWWWWWWWWWWWWWWWWWWWWWWWWWWWWWWWWWWWWWWWWWWWWWWWWWWWWWW]],
[[WWWWWWWWWWWWWWWWWW----WWWWWWWWWWWWWWWWWWWWWWWWWWWWWWWWWWWWWWWWWWWWWWWWWWWWWWWWWWWWWWWWWWWWWWWWWWWWWWWWWWWWWWWWWWWWWWWWWWWWWWWWWWWWWWWWWWWWWWWWWWWWWWWWWWWWWWWWWWWWWWWWWWWWWWWWWWWWWWWWWWWWWWWWWWWWWWWW]],
[[WWWWWWWWWWWWWWWWWWW--WWWWWWWWWWWWWWWWWWWWWWWWWWWWWWWWWWWWWWWWWWWWWWWWWWWWWWWWWWWWWWWWWWWWWWWWWWWWWWWWWWWWWWWWWWWWWWWWWWWWWWWWWWWWWWWWWWWWWWWWWWWWWWWWWWWWWWWWWWW--------WWWWWWWWWWWWWWWWWWWWWWWWWWWWWW]],
[[WWWWWWWWWWWWWWWWWWWWWWWWWWWWWWWWWWWWWWWWWWWWWWWWWWWWWWWWWWWWWWWWWWWWWWW-WWWWWWWWWWWWWWWWWWWWWWWWWWWWWWWWWWWWWWWWWWWWWWWWWWWWWWWWWWWWWWWWWWWWWWWWWWWW--WWWWWWWWWWWW----------WWWWWWWWWWWWWWWWWWWWWWWWWW]],
[[WWWWWWWWWWWWWWWWWWWWWWWWWWWWWWWWWWWWWWWWWWWWWWWWWWWWWWWWWWWWWWWWWWWWWWWWWWWWWWWWWWWWWWWWWWWWWWWWWWWWWWWWWWWWWWWWWWWWWWWWWWWWWWWWWWWW-WWWWWWWWWWWWWW----WWWWWWWWWWWWW-------WWWWWWWWWWWWWWWWWWWWWWWWWWW]],
[[WWWWWWWWWWWWWWWWWWWWWWWWWWWWWWWWWWWWWWWWWWWWWWWWWWWWWWWWWWWWWWWWWWWWWWWWWWWWWWWWWWWWWWWWWWWWWWWWWWWWWWWWWWWWWWWWWWWWWWWWWWWWWWWWWWWWWWWWWWWWWWWWWWWW--WWWWWWWWWWWWWW--^^--WWWWWWWWWWWWWW--WWWWWWWWWWWW]],
[[WWWWWWWWWWWWWWWWWWWWWWWWWWWWWWWWWWWWWWWWWWWWWWWWWWWWWWWWWWWWWWWWWWWWWWWWWWWWWWWWWWWWWWWWWWWWWWWWWWWWWWWWWWWWWWWWWWWWWWWWWWWWWWWWWWWWWWWWWWWWWWWWWWWWWWWWWWWWWWWWWWW--^^^----WWWWWWWWWWWW--WWWWWWWWWWWW]],
[[WWWWWWWWWWWWWWWWWWWWWWWWWWWWWWWWWWWWWWWWWWWWWWWWWWWWWWWWWWWWWWWWWWWWWWWWWWWWWWWWWWWWWWWWWWWWWWWWWWWWWWWWWWWWWWWWWWWWWWWWWWWWWWWWWWWWWWWWWWWWWWWWWWWWWWWWWWWWWWWWWW----^^^----WWWWWWWWWWWWWWWWWWWWWWWWW]],
[[WWWWWWWWWWWWWWWWWWWWWWWWWWWWWWWW-WWWWWWWWWWWWWWWWWWWWWWWWWWWWWWWWWWWWWWWWWWWWWWWWWWWWWWWWWWWWWWWWWWWWWWWWWWWWWWWWWWWWWWWWWWWWWWWWWWWWWWWWWWWWWWWWWWWWWWWWWWWWWWW-------^-----WWWWWWWWWWWWWWWWWWWWWWWWW]],
[[WWWWWWWWWWWWWWWWWWWWWWWWWWWWWWWWWWWWWWWWWWWWWWWWWWWWWWWWWWWWWWWWWWWWWWWWWWWWWWWWWWWWWWWWWWWWW--WWWWWWWWWWWWWWWWWWWWWWWWWWWWWWWWWWWWWWWWWWWWWWWWWWWWWWWWWWWWWW------^^^-^^-----WWWWWWWWWWWWWWWWWWWWWWWW]],
[[WWWWWWWWWWWWWWWWWWWWWWWWWWWWWWWWWWWWWWWWWWWWWWWWWW-------------WWWWWWWWWWWWWWWWWWWWWWWWWWWWWWW--WWWWWWWWWWWWWWWWWWWWWWWWWWWWWWWWWWWWWWWWWWWWWWWWWWWWWWWWWWWWWWWWW----^^^^--WWWWWWWWWWWWWWWWWWWWWWWWWWW]],
[[WWW-WWWWWWWWWWWWWWWWWWWWWWWWWWWWWWWWWWWWWWWWWWWWW----------------WWWWWWWWWWWWWWWWWWWWWWWWWWWW--WWWWWWWWWWWWWWWWWWWWWWWWWWWWWWWWWWWWWWWWWWWWWWWWWWWWWWWWWWWWWWWWWWWW-------WWWWWWWWWWWWWWWWWWWWWWWWWWWW]],
[[WWWWWWWWWWWWWWWWWWWWWWWWWWWWWWWWWWWWWWWWWWWWWWWW-----^^^----------WWWWWWWWWWWWWWWWWWWWWWWWWWWWWWWWWWWWWWWWWWWWWWWWWWW--WWWWWWWWWWWWWWWWWWWWWWWWWWWWWWWWWWWWWWWWWWW----WWWWWWWWWWWWWWWWWWWWWWWWWWWWWWWW]],
[[WWWWWWWWWWWWWWWWWWWWWWWWWWWWWWWWWWWWWWWWWWWWWWWW-------^^^^^-------WWWWWWWWWWWWWWWWWWWWWWWWWWWWWWWWWWWWWWWWWWWWWWWWWWW---WWWWWWWWWWWWWWWWWWWWWWWWWWWWWWWWWWWWWWWW---WWWWWWWWWWWWWWWWWWWWWWWWWWWWWWWWWW]],
[[WWWWWWWWWWWWWWWWWWWWWWWWWWWWWWWWWWWWWWWWWWWWWWWWW-------^^^^^^^------WWWWWWWWWWWWWWWWWWWWWWWWWWWWWWWWWWWWWWWWWWWWWWWWW-WWWWWWWWWWWWWWWWWWWWWWWWWWWWWWWWWWWWWWWWWWWWWWWWWWWWWWWWWWWWWWWWWWWWWWWWWWWWWWW]],
[[WWWWWWWWWWWWWWWWWWWWWWWWWWWWWWWWWWWWWWWWWWWWWWWWWWW-------^^^^^^^^^--------WWWWWWWWWWWWWWWWWWWWWWWWWWWWWWWWWWWWWWWWWWWWWWWWWWWWWWWWWWWWWWWWWWWWWWWWWWWWWWWWWWWWWWWWWWWWWWWWWWWWWWWWWWWWWWWWWWWWWWWWWWW]],
[[WWWWWWWWWWWWWWWWWWWWWWWWWWWWWWWWWWWWWWWWWWWWWWWWWWW-------^^^^^^^^^^^------W--WWWWWWWWWWWWWWWWWWWWWWWWWWWWWWWWWWWWWWWWWWWWWWWWWWWWWWWWWWWWWWWWWWWWWWWWWWWWWWWWWWWWWWWWWWWWWWWWWWWWWWWWWWW----WWWWWWWWW]],
[[WWWWWWWWWWWWWWWWWWWWWWWWWWWWWWWWWWWWWWWWWWWWWWWWWWWW------^^^^^-----^^^--------WWWWWWWWWWWWWWWWWWWWWWWWWWWWWWWWWWWWWWWWWWWWWWWWWWWWWWWWWWWWWWWWWWWWWWWWWWWWWWWWWWWWWWWWWWWWWWWWWWWWWWWWWWW------WWWWWW]],
[[WWWWWWWWWWWW--WWWWWWWWWWWWWWWWWWWWWWWWWWWWWWWWWWWWWW-------^^^^-###-^^^^------WWWWWWWWWWWWWWWWWWWWWWWWWWWWWWWWWWWWWWWWWWWWWWWWWWWWWWWWWWWWWWWWWWWWWWWWWWWWWWWWWWWWWWWWWWWWWWWWWWWWWWWWWW---^--WWWWWWWW]],
[[WWWWWWWWWWW-^--WWWWWWWWWWWWWWWWWWWWWWWWWWWWWWWWWWWWW--------^^^-7##-^^--^----------WWWWWWWWWWWWWWWWWWWWWWWWWWWWWWWWWWWWWWWWWWWWWWWWWWWWWWW--WWWWWWWWWWWWWWWWWWWWWWWWWWWWWWWWWWWWWWWWWWW---^^--WWWWWWWW]],
[[WWWWWWWWWWW-^^-WWWWWWWWWWWWWWWWWWWWWWWWWWWWWWWWWW-----------^^^-###-^^-------------WWWWWWWWWWWWWWWWWWWWWWWWWWWWWWWWWWWWWWWWWWWWWWWWWWWWWW--WWWWWWWWWWWWWWWWWWWWWWWWWWWWWWWWWWWWWWWWWWW----^--WWWWWWWWW]],
[[WWWWWWWWWWWW--WWWWWWWWWWWWWWWW-WWWWWWWWWWWWWWWWWWWWW---------^^-----^^-----------WWWWWWWWWWWWWWWWWWWWWWWWWWWWWWWWWWWWWWWWWWWWWWWWWWWWWWWWWWWWWWWWWWWWWWWWWWWWWWWWWWWWWWWWWWWWWWWWWWWW----^^-WWWWWWWWWW]],
[[WWWWWWWWWWWWWWWWWWWWWWWWWWWWWW---WWWWWWWWWWWWWWWWWWWWWWWW-----^^^^^^^----------------WWWWWWWWWWWWWWWWWWWWWWWWWWWWWWWWWWWWWWWWWWWWWWWWWWWWWWWWWWWWWWWWW-WWWWWWWWWWWWWWWWWWWWWWWWWWWWWW---^^--WWWWWWWWWW]],
[[WWWWWWWWWWWWWWWWWWWWWWWWWWWWW---WWWWWWWWWWWWWWWWWWWWWWW-------^^^-------------WWWWWWWWWWWWWWWWWWWWWWWWWWWW---WWWWWWWWWWWWWWWWWWWWWWWWWWWWWWWWWWWWWWWWWWWWWWWWWWWWWWWWWWWWWWWWWWWWWW-----------WWWWWWWW]],
[[WWWWWWWWWWWWWWWWWWWWWWWWWWWWWW-WWWWWWWWWWWWWWWWWWWWWWWWWW----^^------------WWWWWWWWWWWWWWWWWWWWWWWWWWWWWW--^--WWWWWWWWWWWWWWWWWWWWWWWWWWWWWWWWWWWWWWWWWWWWWWWWWWWWWWWWWWWWWWWWWWWWW--WWWW------WWWWWWW]],
[[WWWWWWWWWWWWWWWWWWWWWWWWWWWWWWWWWWWWWWWWWWWWWWW--WWWW-------^---------------WWWWWWWWWWWWWWWWWWWWWWWWWWWWWW--^-WWWWWWWWWWWWWWWWWWWWWWWWWWWWWWWWWWWWWWWWWWWWWWWWWWWWWWWWWWWWWWW-WWWW--WWWWWW-----WWWWWWW]],
[[WWWWWWWWWWWWWWWWWWWWWWWWWWWWWWWWWWWWWWWWWWWWWWW--WWWWWWWWW----------WWWWWWWWWWWWWWWWWWWWWWWWWWWWWWWWWWWWWWW----WWWWWWWWWWWWWWWWWWWWWWWWWWWWWWWWWWWWWWWWWWWWWWWWWWWWWWWWWWWWWWWWWWWWWWWWWWWWW----WWWWWW]],
[[WWWWWWWWWWWWWWWWWWWWWWWWWWWWWWWWWWWWWWWWWWWWWWWWWWWWWWWWWWWWWWWWWWWWWWWWWWWWWWWWWWWWWWWWWWWWWWWWWWWWWWWWWWWW--WWWWWWWWWWWWWWWWWWWWWWWWWWWWWWWWWWWWWWWWWWWWWWWWWWWWWWWWWWWWWWWWWWWWWWWWWWWWWWWWWWWWWWWW]],
[[WWWWWWWWWWWWWWWWWWWWWWWWWWWWWWWWWWWWWWWWWWWWWWWWWWWWWWWWWWWWWWWWWWWWWWWWWWWWWWWWWWWWWWWWWWWWWWWWWWWWWWWWWWWWWWWWWWWWWWWWWWWWWWWWWWWWWWWWWWWWWWWWWWWWWWWWWWWWWWWWWWWWWWWWWWWWWWWWWWWWWWWWWWWWWWWWWWWWWW]],
[[WWWWWWWWWWWWWWWWWWWWWWWWWWWWWWWWWWWWWWWWWWWWWWWWWWWWWWWWWWWWWWWWWWWWWWWWWWWWWWWWWWWWWWWWWWWWWWWWWWWWWWWWWWWWWWWWWWWWWWWWWWWWWWWWWWWWWWWWWWWWWWWWWWWWWWWWWWWWWWW--------WWWWWWWWWWWWWWWWWWWWWWWWWWWWWWW]],
[[WWWWWWWWWWWWWWWWWWWWWWWWWWWWWWWWWWWWWWWWWWWWWWWWWWWWWWWWWWWWWWWWWWWWWWWWWWWWWWWWWWWWWWWWWWWWWWWWWWWWWWWWWWWWWWWWWWWWWWWWWWWWWWWWWWWWWWWWWWWWWWWWWWWWWWWWWWW-------WWWWWWWWWWWWWWWWWWWWWWWWWWWWWWWWWWWW]],
[[WWWWWWWWWWWWWWWWWWWWWWWWWWWWWWWWWWWWWWWWWWWWWWWWWWWWWWWWWWWWWWWWWWWWWWWWWWWWWWWWWWWWWWWWWWWWWWWWWWWWWWWWWWWWWWWWWWWWWWWWWWWWWWWWWWWWWWWWWWWWWWWWWWWWWWWW---------WWWWWWWWWWWWWWWWWWWWWWWWWWWWWWWWWWWWW]],
[[WWWWWWWWWWWWWWWWWWWWWWWWWWWWWWWWWWWWWWWWWWWWWWWWWWWWWWWWWWWWWWWWWWWWWWWWWWWWWWWWWWWWWWWWWWWWWWWWWWWWWWWWWWWWWWWWWWWWWWWWWWWWWWWWWWWWWWWWWWWWWWWWWWWWW-----^---WWWWWWWWWWWWWWWWWWWWWWWWWWWWWWWWWWWWWWWW]],
[[WWWWWWWWWWWWWWWWWWWWWWWWWWWWWWWWWWWWWWWWWWWWWWWWWWWWWWWWWWWWWWWWWWWWWWWWWWWWWWWWWWWWWWWWWWWWWWWWWWWWWWWWWWWWWWWWW-WWWWWWWWWWWWWWWWWWWWWWWWWWWWW----------^--WWWWWWWWWWWWWWWWWWWWWWWWWWWWWWWWWWWWWWWWWW]],
[[WWWWWWWWWWWWWWWWWWWWWWWWWWWWWWWWWWWWWWWWWWWWWWWWWWWWWWWWWWWWWWWWWWWWWWWWWWWWWWWWWWWWWWWWWWWWWWWWWWWWWWWWWWWWWWWWW----WWWWWWWWWWWWWWWWWWWWWWWWWWWWW------^^---WWWWWWWWWWWWWWWWWWWWWWWWWWWWWWWWWWWWWWWWW]],
[[WWWWWWWWWWWWWWWWWWWWWWWWWWWWWWWWWWWWWWWWWWWWWWWWWWWWWWWWWWWWWWWWWWWWWWWWWWWWWWWWWWWWWWWWWWWWWWWWWWWWWWWWWWWWWWWWWW--WWWWWWWWWWWWWWWWWWWWWWWWWWWWW------^^^---WWWWWWWWWWWWWWWWWWWWWWWWWWWWWWWWWWWWWWWWW]],
[[WWWWWWWWWWWWWWWWWWWWWWWWWWWWWWWWWWWW--WWWWWWWWWWWWWWWWWWWWWWWWWWWWWWWWWWWWWWW----WWWWWWWWWWWWWWWWWWWWWWWWWWWWWWWWWWWWWWWWWWWWWWWWWWWWWWWWWWWWWWWWW---^--^------WWWWWWWW---WWWWWWWWWWWWWWWWWWWWWWWWWWWW]],
[[WWWWWWWWWWWWWWWWWWWWWWWWWWWWWWWWWWWW--WWWWWWWWWWWWWWWWWW-WWWWWWWWWWWWWWWWWWWWW-^---WWWWWWWWWWWWWWWWWWWWWWWWWWWWWWWWWWWWWWWWWWWWWWWWWWWWWWWWWWWWWW-----^-----WWWWWWWWWWWW---WWWWWWWWWWWWWWWWWWWWWWWWWWW]],
[[WWWWWWW-WWWWWWWWWWWWWWWWWWWWWWWWWWWWWWWWWWWWWWWWWWWWWWWWWWWWWWWWWWWWWWWWWWWWWW----WWWWWWWWWWWWWWWWWWWWWWWWWWWWWWWWWWWWWWWWWWWWWWWWWWWWWWWWWWWWWWWWW--^----WWWWWWWWWWWWWWWWWWWWWWWWWWWWWWWWWWWWWWWWWWWW]],
[[WWWWWWWWWWWWWWWWWWWWWWWWWWWWWWWWWWWWWWWWWWWWWWWWWWWWWWWWWWWWWWWWWWWWWWWWWWWWWWWWWWWWWWWWWWWWWWWWWWWWWWWWWWWWWWWWWWWWWWWWWWWWWWWWWWWWWWWWWW---------------WWWWWWWWWWWWWWWWWWWWWWWWWWWWWWWWWWWWWWWWWWWWW]],
[[WWWWWWWWWWWWWWWWWWWWWWWWWWWWWWWWWWWWWWWWWWWWWWWWWWWWWWWWWWWWWWWWWWWWWWWWWWWWWWWWWWWWWWWWWWWWWWWWWWWWWWWWWWWWWWWWWWWWWWWWWWWWWW--------------------------------WWWWWWWWWWWWWWWWWWWWWWWWWWWWWWWWWWWWWWWW]],
[[WWWWWWWWWWWWWWWWWWWWWWWWWWWWWWWW-WWWWWWWWWWWWWWWWWWWWWWWWWWWWWWWWWWWWWWWWWWWWWWWWWWWWWWWWWWWWWWWWWWWWWWWWWWWWWWWWWWWWWWWWWW---------,,,,,----###----------WWWWWWWWWWWWWWWWWWWWWWWWWWWWWWWWWWWWWWWWWWWW]],
[[WWWWWWWWWWWWWWWWWWWWWWWWWWWWWWWW--WWWWWWWWWWWWWWWWWWWWWWWWWWWWWWWWWWWWWWWWWWWWWWWWWWWWWWWWWWWWWWWWWWWWWWWWWWWWWWWWWWWWWWWW----------,,,,,----###---@----------WWWWWWWWWWWWWWWWWWWWWWWWWWWWWWWWWWWWWWWW]],
[[WWWWWWWWWWWWWWWWWWWWWWWWWWWWWWWW----WWWWWWWWWWWWWWWWWWWWWWWWWWWWWWWWWWWWWWWWWWWWWWWWWWWWWWWWWWWWWWWWWWWWWWWWWWWWWWWW----------------,,,,,----###-----------WWWWWWWWWWWWWWWWWWWWWWWWWWWWWWWWWWWWWW-WWWW]],
[[WWWWWWWWWWWWWWWWWWWWWWWWWWWWWWW----WWWWWWWWWWWWWWWWWWWWWWWWWWWWWWWWWWWWWWWWWWWWWWWWWWWWWWWWWWWWWWWWWWWWWWWWWWWWWW-------------###---,,,,,---------------WWWWWWWWWWWWWWWWWWWWWWWWWWWWWWWWWWWWWWWWWWWWWW]],
[[WWWWWWWWWWWWWWWWWWWWWWWWWWWWWWWW-WWWWWWWWWWWWWWWWWWWWWWWWWWWWWWWWWWWWWWWWWWWWWWWWWWWWWWWWWWWWWWWWWWWWWWWWWWWWW-------,,-------###-------------------,,-------WWWWWWWWWWWWWWWWWWW---WWWWWWWWWWWWWWWWWWW]],
[[WWWWWWWWWWWWWWWW------WWWWWWWWWWWWWWWWWWWWWWWWWWWWWWWWWWWWWWWWWWWWWWWWWWWWWWWWWWWWWWWWWWWWWWWWWWWWWWWWWWWWW---------,,,-------###-------#6#----------,,---------WWWWWWWWWWWWWWWW--WWWWWWWWWWWWWWWWWWWW]],
[[WWWWWWWWWWWWWWWWWW------WWWWWWWWWWWWWWWWWWWWWWWWWWWWWWWWWWWWWWWWWWWWWWWWWWWWWWWWWWWWWWWWWWWWWWWWWWWWW-------------,,,------------------#####---------------------WWWWWWWWWWWWWWWWWWWWWWWWWWWWWWWWWWWWW]],
[[WWWWWWWWWWWWWWWWWWWW-----WWWWWWWWWWWWWWWWWWW-WWWWWWWWWWWWWWWW-WWWWWWWWWWWWWWWWWWWWWWWWWWWWWWWWWWWWWWWW----------------------------------###--------WWWWWWWWWWW-WWWWWWWWWWWWWWWWWWWWWWWWWWWWWWWWWWWWWWW]],
[[WWWWWWWWWWWWWWWWWWWWW-----WWWWWWWWWWWWWWWWWWWWWWWWWWWWWWWWWWWWWWWWWWWWWWWWWWWWWWWWWWWWWWWWWWWWWWWWWWWWWWWW-----------WWWWWWWWW-----------------WWWWWWWWWWWWWWWWWWWWWWWWWWWWWWWWWWWWWWWWWWWWWWWWWWWWWWW]],
[[WWWWWWWWWWWWWWWWWWWW---^--WWWWWWWWWWWWWWWWWWWWWWWWWWWWWWWWWWWWWWWWWWWWWWWWWWWWWWWWWWWWWWWWWWWWWWWWWWWWWWWWWWW----WWWWWWWWWWWWWWWWWWWWWWWWWWWWWWWWWWWWWWWWWWWWWWWWWWWWWWWWWWWWWWWWWWWWWWWWWWWWWWWWWWWWW]],
[[WWWWWWW---------------^--WWWWWWWWWWWWWWWWWWWWWWWWWWWWWWWWWWWWWWWWWWWWWWWWWWWWWWWWWWWWWWWWWWWWWWWWWWWWWWWWWWWWWWWWWWWWWWWWWWWWWWWWWWWWWWWWWWWWWWWWWWWWWWWWWWWWWWWWWWWWWWWWWWWWWWWWWWWWWWWWWWWWWWWWWWWWW]],
[[WWWWWWWWW------^^---^^--WWWWWWWWWWWWWWWWWWWWWWWWWWWWWWWWWWWWWWWWWWWWWWWWWWWWWWWWWWWWWWWWWWWWWWWWWWWWWWWWWWWWWWWWWWWWWWWWWWWWWWWWWWWWWWWWWWWWWWWWWWWWWWWWWWWWWWWWWWWWWWWWWWWWWWWWWWWWWWWWWWWW-WWWWWWWWW]],
[[WWWWWWWWWWWW-----^^^^--WWWWWWWWWWWWWWWWWWWWWWWWWWWWWWWWWWWWWWWWWWWWWWWWWWWWWWWWWWWWWWWWWWWWWWWWWWWWWWWWWWWWWWWWWWWWWWWWWWWWWWWWWWWWWWWWWWWWWWWW--WWWWWWWWWWWWWWWWWWWWWWWWWWWWWWWWWWWWWWWWWWW-----WWWWW]],
[[WWWWWWWWWWWWWWW-----------WWWWWWWWWWWWWWWWWWWWWWWWWWWWWWWWWWWWWWWWWWWWWWWWWWWWWWWWWWWWWWWWWWWWWWWWWWWWWWWWWWWWWWWWWWWWWWWWWWWWWWWWWWWWWWWWWWWWW--WWWWWWWWWWWWWWWWWWWWWWWWWWWWWWWWWWWWWWWWWW----WWWWWWW]],
[[WWWWWWWWWWWWWWWWWWWWWW----WWWWWWWWWWWWWWWWWWWWWWWWWWWWWWWWWWWWWWWWWWWWWWWWWWWWWWWWWWWWWWWWWWWWWWWWWWWWWWWWWWWWWWWWWWWWWWWWWWWWWWWWWWWWWWWWWWWWWWWWWWWWWWWWWWWWWWWWWWWWWWWWWWWWWWW-WWWWWWWWWW-WWWWWWWWW]],
[[WWWWWWWWWWWWWWWWWWWWWWWWWWWWWWWWWWWWWWWWWWWWWWWWWWWWWWWWWWWWWWWWWWWWWWWWWWWWWWWWWWWWWWWWWWWWWWWWWWWWWWWWWWWWWWWWWWWWWWWWWWWWWWWWWWWWWWWWWWWWWWWWWWWWWWWWWWWWWWWWWWWWWWWWWWWWWWWWWWWWWWWWWWWWWWWWWWWWWW]],
[[WWWWWWWWWWWWWWWWWWWWWWWWWWWWWWWWWWWWWWWWWWWWWWWWWWWWWWWWWWWWWWWWWWWWWWWWWWWWWWWWWWWWWWWWWWWWWWWWWWWWWWWWWWWWWWWWWWWWWWWWWWWWWWWWWWWWWWWWWWWWWWWWWWWWWWWWWWWWWWWWWWWWWWWWWWWWWWWWWWWWWWWWWWWWWWWWWWWWWW]],
[[WWWWWWWWWWWWWWWWWWWWWWWWWWWWWWWWWWWWWWWWWWWWWWWWWWWWWWWWWWWWWWWWWWWWWWWWWWWWWWWWWWWWWWWWWWWWWWWWWWWWWWWWWWWWWWWWWWWWWWWWWWWWWWWWWWWWWWWWWWWWWWWWWWWWWWWWWWWWWWWWWWWWWWWWWWWWWWWWWWWWWWWWWWWWWWWWWWWWWW]],
}

map.set_player(33, 90)
