-- Not used yet

map.define("bibibi_1.map")

-- Floor
map.symbol{ symbol='.' feat=FEAT_FLOOR info=3 }

-- Permanent wall
map.symbol{ symbol='X' feat=FEAT_PERMA_WALL info=3 }

-- exit
map.symbol{ symbol='<' feat=FEAT_LESS info=3 }

-- Dungeon layout
map.map
{
[[XXXXXXXXXXXXXXXXXXXXXXXXXXXXXXXXXXXXXXXXXXXXXXXXXXXXXXXXXXXXXXXX]],
[[X..............................................................X]],
[[X..............................................................X]],
[[X..............................................................X]],
[[X..............................................................X]],
[[X..............................................................X]],
[[X..............................................................X]],
[[X..............................................................X]],
[[X..............................................................X]],
[[X..............................................................X]],
[[X..............................................................X]],
[[X..............................................................X]],
[[X..............................................................X]],
[[X..............................................................X]],
[[X..............................................................X]],
[[X..............................................................X]],
[[X..............................................................X]],
[[X..............................................................X]],
[[X..............................................................X]],
[[X..............................................................X]],
[[XXXXXXXXXXXXXXXXXXXXXXXXXXXXXXXXXXXXXXXXXXXXXXXXXXXXXXXXXXXXXXXX]],
}

-- Starting position
map.set_player(10, 10)
