-- Dragonball T: Red Ribbon Army Control Level: Internal Cameras
-- Optional special level in the RRA SHQ

map.define("control1.map")

map.symbol{ symbol='.' feat=FEAT_FLOOR info=6 }
map.symbol{ symbol='<' feat=FEAT_LESS info=3 }
map.symbol{ symbol='*' feat=FEAT_MAP_BORDER info=6 }
map.symbol{ symbol='=' feat=FEAT_FURNITURE info=6 on_walk="A bed" }
map.symbol{ symbol='X' feat=FEAT_PERMA_WALL info=6 }
map.symbol{ symbol='+' feat=FEAT_DOOR info=6 }
map.symbol{ symbol='~' feat=FEAT_IMPASSABLE_DOOR info=6 }
map.symbol{ symbol='D' feat=FEAT_DOOR_LOCKED_HEAD+6 info=6 }
map.symbol{ symbol='T' feat=FEAT_FLOOR info=6 monster=RACE_RRA_SHQ_INT }
map.symbol{ symbol='C' feat=FEAT_FLOOR info=6 monster=RACE_RRA_SHQ_CAM }
map.symbol{ symbol='G' feat=FEAT_GLASS_WALL info=6 }

map.symbol{ symbol='A' feat=FEAT_FLOOR info=6 monster=RACE_RRA_PRIVATE }
map.symbol{ symbol='B' feat=FEAT_FLOOR info=6 monster=RACE_RRA_CORPORAL }
map.symbol{ symbol='E' feat=FEAT_FLOOR info=6 monster=RACE_RRA_LIETENANT }
map.symbol{ symbol='H' feat=FEAT_FLOOR info=6 monster=RACE_RRA_CAPTAIN }
map.symbol{ symbol='I' feat=FEAT_FLOOR info=6 monster=RACE_RRA_COMMANDER }
map.symbol{ symbol='K' feat=FEAT_FLOOR info=6 monster=RACE_RRA_LIETENANT }


map.symbol{ symbol='L' feat=FEAT_CONTROL_SYSTEM info=6
	flags = {
		MOVE_POST_DEST=function()
			dialogue.RRA_CAM_DISABLE()
		end
	}
}

-- Random monsters don't seem to work as intended
-- Random monster
-- map.symbol{ symbol='d' feat=FEAT_FLOOR info=6 monster=map.ANY }
-- Random monster (up to 10 levels ood)
-- map.symbol{ symbol='e' feat=FEAT_FLOOR info=6 monster=map.ANY monster_level=10 }


map.symbol{ symbol='a' feat=FEAT_FLOOR info=6 on_walk="A sign on the door reads 'Closet'" }
map.symbol{ symbol='b' feat=FEAT_FLOOR info=6 on_walk="Hmm. It really is a closet." }
map.symbol{ symbol='c' feat=FEAT_FLOOR info=6 on_walk="A sign on the door reads 'Authorized Personel -=Only=-" }
map.symbol{ symbol='d' feat=FEAT_FLOOR info=6 on_walk="There's a control room on the other side. But how to get there?" }
map.symbol{ symbol='e' feat=FEAT_FLOOR info=6 on_walk="A sign on the door reads 'Storage'" }
map.symbol{ symbol='f' feat=FEAT_FLOOR info=6
	flags = {
		MOVE_POST_DEST=function()
			if dball_data.rra_shq_ckey == 1 then
				message("You unlock the door with the key you found earlier.")
				local c_ptr = cave(player.py, player.px)
				c_ptr.flags[FLAG_MOVE_POST_DEST] = nil
				cave_set_feat(player.py - 1, player.px, FEAT_FLOOR)
			else
				message("The door reads 'Camera Control Room: Authorized Personal Only!!!'")
			end
		end
	}
}
map.symbol{ symbol='g' feat=FEAT_FLOOR info=6 on_walk="A sign on the door reads 'Mess Hall'" }
map.symbol{ symbol='h' feat=FEAT_FLOOR info=6 on_walk="A sign on the wall reads 'Training: this way'" }
map.symbol{ symbol='i' feat=FEAT_FLOOR info=6
	flags = {
		MOVE_POST_DEST=function()
			term.save()
			term.gotoxy(0, 0)
			term.text_out("A note has been scrawled into the wall here:\n\n\n")
			term.text_out(color.LIGHT_BLUE, "  20 laps a day keeps the doctor away.\n\n\n")
			term.text_out("A joke...perhaps?\n\n")
			dialogue.conclude()
			term.load()
		end
	}
}
map.symbol{ symbol='j' feat=FEAT_FLOOR info=6 on_walk="A sign on the door reads 'Restrooms: Authorized Personal Only'" }
map.symbol{ symbol='k' feat=FEAT_FLOOR info=6 on_walk="It's a restroom stall" }
map.symbol{ symbol='l' feat=FEAT_FLOOR info=6 }
-- map.symbol{ symbol='l' feat=FEAT_FLOOR info=6 on_walk="Stall message?" }
map.symbol{ symbol='m' feat=FEAT_FURNITURE info=6
	flags = {
		MOVE_POST_DEST=function()
			if dball_data.rra_shq_ckey == 0 then
				message("You find a key hidden under the mattress of the bed.")
				dball_data.rra_shq_ckey = 1
			else
			end
		end
	}
}
map.symbol{ symbol='n' feat=FEAT_SIGNPOST info=6 on_walk="Shooting range" }
map.symbol{ symbol='o' feat=FEAT_SIGNPOST info=6 on_walk="This room intentionally left blank." }
map.symbol{ symbol='p' feat=FEAT_SIGNPOST info=6 on_walk="The brig." }

map.map
{
[[*******************************************************************]],
[[*XXXXXXXXXXXXXXXXXXXXXXXXXXXXXXXXXXXXXXXXXXXXXXXXXXXXXXXXXXXXXXXXX*]],
[[*XXXXXXXXX......................XTXTXXX...XXXX.....X.....XXXXXXXXX*]],
[[*XXXXXX....XXXXXXXXXXXXXXXXXXXXiX.X..cD..cD.XX.....X.XXX....XXXXXX*]],
[[*XXXX...XXXXXXXXXXXXXXXXXXXXXXXXX.X.XXX...X.gD.....X.XXXXXX...XXXX*]],
[[*XXX..XXXXXXXXXXXXXXXXXXXXXCc.........XXXXXXXXXXXXXXhXXXXXXXX..XXX*]],
[[*XX..XX.........XI.....HXXXXDXXXX.X.X......XXXXXXXXX.XXXXXXXXX..XX*]],
[[*XX.XXX.........X.......Gd...X..X.X.XXXXXX.XXXXXXXXX.XXXXXXXXXX.XX*]],
[[*X..XXX....o....X...L...Gd...D..X.X.eD...X...........XXXXXXX..X..X*]],
[[*X.XXXX.........X.......Gd.c.XXXX.XXXX...X.XXXXXXXXX.XXXXXXX..XX.X*]],
[[*X.XXXX.........XH......XXXDXXT.....TX...XjXXXXXXXXX.XXXXXXXX+XX.X*]],
[[*X.XXXXXXXXXXXXXXXXXXX~XX....XXXX.XXXXXXXXDXXXXXXXXX........Ke.X.X*]],
[[*X.XXXXXXXXXXXXXXXXXXTfTX....XT.....TXG.........XXXX.XXXXXXXXX.X.X*]],
[[*X.XXXXXXX......ABEXXX.XX....XXXX.XXXXG.........XXXX.XXXXXXXXX.X.X*]],
[[*X.XXXXXXX.........XXT.TX....XT.....TXXk.k.k.k.kXXXX.XXXXXXXXX.X.X*]],
[[*X.XXXXXXX......ABEXXX.XX.c..XXXXDXXXXX+X+X+X+X+XXXX.XXXXXXXXX.X.X*]],
[[*X.XXXXXXX.........XXT.TXXDXXX...c...XXCX.X.X.XlXXXX.XXXXXXXXX.X.X*]],
[[*X.XXXXXXX......ABEXXX.XXX.XXC...<...CXXXXXXXXXXXXXX.XXXXXXXXX.X.X*]],
[[*X.XXXXXXX.........XXX.XXX.XXX...a...XXXXXXXXXXXXXXX.XXXXXXXXX.X.X*]],
[[*X.XXXXXXX......ABEX...GCX...XXXXDXXXXXXXXXX........KXXXXXXXXX.X.X*]],
[[*X.XXXXXXX.........X.XGXXXXX....XbXXXXXXXXXX.XXXXXXXXXXXXXXXXX.X.X*]],
[[*X.XXXXXXX......ABEX.XCXTTTXXXX.XXXA.AXXXXXX.XXXXXXXXXXXXXXXXX.X.X*]],
[[*X.XXXXXXX.........X.XXX...XXXX.XXX...XXXXXX.XXXXXXXXXXXXXXXXX.X.X*]],
[[*X.XXXXXXX......ABEX...D...+c...XXXA.AXXXXXX.XXXXXXXXXXXXXXXXX.X.X*]],
[[*X.XXXXXXXXXX...XXXXXXXX...XXXXXXXX...XpXXXX.XXXXXXXXXXXXXXXX..X.X*]],
[[*X.XXXXXXXXXXX.nXXXXXXXXTTTXXXXXXXXA..+.......................XX.X*]],
[[*X..XXXXXXXXXX.XXXXXXXXXXXXXXXXXXXXXXXXXXXXXXXXXXXXX.XXXXXXXXXX..X*]],
[[*XX.XXXXX....D.......................................D....XXXXX.XX*]],
[[*XX..XXXX=...XXXXDXXXXDXXXXDXXXXDXDXXXXDXXXXDXXXXDXXXX....XXXX..XX*]],
[[*XXX..XXX....X....X....X....X....X...=X....X....X....X...=XXX..XXX*]],
[[*XXXX...XXXXXX.m..X...=X=...X.=..X....X...=X...=X...=XXXXXX...XXXX*]],
[[*XXXXXX....XXXXXXXXXXXXXXXXXXXXXXXXXXXXXXXXXXXXXXXXXXXXX....XXXXXX*]],
[[*XXXXXXXXX...............................................XXXXXXXXX*]],
[[*XXXXXXXXXXXXXXXXXXXXXXXXXXXXXXXXXXXXXXXXXXXXXXXXXXXXXXXXXXXXXXXXX*]],
[[*******************************************************************]],
}

map.set_player(16, 33)