-- Dragonball T: The Techno duel vs. Sakura and Company
-- Teito Kagekidan of the Imperial Theater Troupe

map.define("d_ball.map")

map.symbol{ symbol='.' feat=FEAT_FLOOR info=6 }
map.symbol{ symbol='*' feat=FEAT_MAP_BORDER info=6 }
map.symbol{ symbol='X' feat=FEAT_PERMA_WALL info=6 }
map.symbol{ symbol='<' feat=FEAT_LESS info=6 }
map.symbol{ symbol='-' feat=FEAT_GREEN_CARPET info=6 }
map.symbol{ symbol='T' feat=FEAT_SIGNPOST info=6 on_walk="Changing room" }
map.symbol{ symbol='m' feat=FEAT_MIRROR info=6 }
map.symbol{ symbol='w' feat=FEAT_GLASS_WALL info=6 }

map.symbol{ symbol='d' feat=FEAT_DOOR info=6 }
map.symbol{ symbol='+' feat=FEAT_DOOR_LOCKED_HEAD+6 info=6 }

-- Techno suits
map.symbol{ symbol='A' feat=FEAT_FLOOR info=3 monster=RACE_SAKURA_SENSHI }
map.symbol{ symbol='B' feat=FEAT_FLOOR info=3 monster=RACE_SUMIRE_SENSHI }
map.symbol{ symbol='C' feat=FEAT_FLOOR info=3 monster=RACE_MARIA_SENSHI }
map.symbol{ symbol='D' feat=FEAT_FLOOR info=3 monster=RACE_IRIS_SENSHI }


map.symbol{ symbol='Z' feat=FEAT_FLOOR info=3
	flags = 
	{
		MOVE_POST_DEST=function()
			term.save()
			term.text_out(color.LIGHT_RED, "You stumble upon the skeletal remains of a ninja in the steam. Whatever flesh he may once have had has long since been cooked out of him.\n\n")
			dialogue.conclude()
			term.load()
			cave(player.py, player.px).flags = nil
		end
	}
}

-- Vent
map.symbol{ symbol=',' feat=FEAT_FLOOR info=8
	flags = 
	{
		MOVE_POST_DEST=function()
			if dball_data.ballet_vent_state < 3 then
				message("The steam sears your lungs!")
				take_hit(rng(1,10), "steam")
			end
		end
	}
}

map.map
{
[[***********************************]],
[[*XXXXXXXXXXXXXXXXXXXXXXXXXXXXXXXXX*]],
[[*X.........XXX....<.........X....X*]],
[[*X.........XXX..............d....X*]],
[[*X.........XXXwwwwwwwwwwwX.XX....X*]],
[[*X.........XXXm.............X....X*]],
[[*X...B.....XXXm.............XXXXXX*]],
[[*X.........XXXm.............X----X*]],
[[*X......C..XXXm.............X----X*]],
[[*X.........XXXm.............X----X*]],
[[*X.A.......XXXm.............X----X*]],
[[*X.........XXXm.............X----X*]],
[[*X.........XXXm.............X----X*]],
[[*X.........XXXm.............X----X*]],
[[*X.D.......XXXm.............+----X*]],
[[*X.........XXXXXXXXXXXdXXXXTX----X*]],
[[*X..........d----------XXXXXX----X*]],
[[*X.........XXXXXXXXXXXXXXXXXXXXXXX*]],
[[*X..........d,,,,,,,,,,,,,,,,,,,,X*]],
[[*XXXXXXXXXXXXXXXXXXXXXXXXXXXXXXXXX*]],
[[***********************************]],
}

map.set_player(18, 24)
