map.define("tournament.map")

-- Floor
map.symbol{ symbol='.' feat=FEAT_DISQUALIFIED info=6 }
map.symbol{ symbol='*' feat=FEAT_MAP_BORDER info=6 }
map.symbol{ symbol='X' feat=FEAT_PERMA_WALL info=6 }
map.symbol{ symbol='-' feat=FEAT_FIGHTING_RING info=6 }
map.symbol{ symbol='f' feat=FEAT_WT_BLOCKER info=6 }
map.symbol{ symbol='g' feat=FEAT_WT_FAKE_DOOR info=6 }
map.symbol{ symbol='i' feat=FEAT_WT_RING_BORDER info=6 }
map.symbol{ symbol='w' feat=FEAT_GLASS_WALL info=6 }
map.symbol{ symbol='<' feat=FEAT_LESS info=6 }

map.symbol{ symbol='a' feat=FEAT_FLOOR  info=6 monster=RACE_WT_TICKET_GIRL }
map.symbol{ symbol='b' feat=FEAT_FLOOR  info=6 monster=RACE_WT_GUARD }
map.symbol{ symbol='c' feat=FEAT_FLOOR  info=6 monster=RACE_WT_AUDIENCE_BLUE }
map.symbol{ symbol='d' feat=FEAT_FLOOR  info=6 monster=RACE_WT_AUDIENCE_GREEN }
map.symbol{ symbol='e' feat=FEAT_FLOOR  info=6 monster=RACE_WT_AUDIENCE_YELLOW }
map.symbol{ symbol='h' feat=FEAT_FLOOR  info=6 monster=RACE_WT_BACKSTAGE_GUY }
map.symbol{ symbol='m' feat=FEAT_FLOOR  info=6 monster=RACE_WT_MEDIC }

map.map
{
[[*******************************************]],
[[*XXXXXXXXXXXXXXXXXXXXXXXXXXXXXXXXXXXXXXXXX*]],
[[*X......d...c.e.....c..d..e..c..d.....c..X*]],
[[*X..e...c......d.c..e....c.......ec....d.X*]],
[[*X..c.wwwwwwwwwwwwwwwwwwwwwwwwwwwwwwww.e.X*]],
[[*X..d.w..............................w...X*]],
[[*X.c..w..............................w.c.X*]],
[[*X.e..w......iiiiiiiiiiiiiiiiiii.....w...X*]],
[[*X.d..w......i-----------------i.....w...X*]],
[[*X..c.w......i-----------------i.....w.d.X*]],
[[*X....w......i-----------------i.....w.e.X*]],
[[*X.c..w......i-----------------i.....w.c.X*]],
[[*X..e.w......i-----------------i.....w...X*]],
[[*X....w......i-----------------i.....w...X*]],
[[*X....w......i-----------------i.....w.d.X*]],
[[*X....w......i-----------------i.....w.c.X*]],
[[*XXfXXX......i-----------------i.....w.e.X*]],
[[*Xa...X......i-----------------i.....w...X*]],
[[*X....X......i-----------------i.....w...X*]],
[[*X....X.m....iiiiiiiiiiiiiiiiiii.....w.c.X*]],
[[*X....XXXXXXXX.......................w.e.X*]],
[[*X....X......X.......................w.d.X*]],
[[*X...bX....h.Xwwwwwwwwwwwwwwwwwwwwwwww.c.X*]],
[[*X....g......X..c....d...c..d.......d....X*]],
[[*X.<..X......X.e....c...e....c...ec......X*]],
[[*XXXXXXXXXXXXXXXXXXXXXXXXXXXXXXXXXXXXXXXXX*]],
[[*******************************************]],
}

map.set_player(24, 3)
